Component: ARM Compiler 6.14 Tool: armlink [5db06800]

==============================================================================

Section Cross References

    startup_stm32f410rx.o(RESET) refers to startup_stm32f410rx.o(STACK) for __initial_sp
    startup_stm32f410rx.o(RESET) refers to startup_stm32f410rx.o(.text) for Reset_Handler
    startup_stm32f410rx.o(RESET) refers to stm32f4xx_it.o(.text.NMI_Handler) for NMI_Handler
    startup_stm32f410rx.o(RESET) refers to stm32f4xx_it.o(.text.HardFault_Handler) for HardFault_Handler
    startup_stm32f410rx.o(RESET) refers to stm32f4xx_it.o(.text.MemManage_Handler) for MemManage_Handler
    startup_stm32f410rx.o(RESET) refers to stm32f4xx_it.o(.text.BusFault_Handler) for BusFault_Handler
    startup_stm32f410rx.o(RESET) refers to stm32f4xx_it.o(.text.UsageFault_Handler) for UsageFault_Handler
    startup_stm32f410rx.o(RESET) refers to port.o(.text.SVC_Handler) for SVC_Handler
    startup_stm32f410rx.o(RESET) refers to stm32f4xx_it.o(.text.DebugMon_Handler) for DebugMon_Handler
    startup_stm32f410rx.o(RESET) refers to port.o(.text.PendSV_Handler) for PendSV_Handler
    startup_stm32f410rx.o(RESET) refers to port.o(.text.SysTick_Handler) for SysTick_Handler
    startup_stm32f410rx.o(RESET) refers to stm32f4xx_it.o(.text.TIM1_TRG_COM_TIM11_IRQHandler) for TIM1_TRG_COM_TIM11_IRQHandler
    startup_stm32f410rx.o(RESET) refers to stm32f4xx_it.o(.text.USART2_IRQHandler) for USART2_IRQHandler
    startup_stm32f410rx.o(RESET) refers to stm32f4xx_it.o(.text.TIM6_DAC_IRQHandler) for TIM6_DAC_IRQHandler
    startup_stm32f410rx.o(RESET) refers to stm32f4xx_it.o(.text.DMA2_Stream0_IRQHandler) for DMA2_Stream0_IRQHandler
    startup_stm32f410rx.o(.text) refers to system_stm32f4xx.o(.text.SystemInit) for SystemInit
    startup_stm32f410rx.o(.text) refers to entry.o(.ARM.Collect$$$$00000000) for __main
    debug_printf.o(.text.StartTaskRunTimeStats) refers to tim.o(.bss.htim11) for htim11
    debug_printf.o(.text.StartTaskRunTimeStats) refers to stm32f4xx_hal_tim.o(.text.HAL_TIM_Base_Start_IT) for HAL_TIM_Base_Start_IT
    debug_printf.o(.ARM.exidx.text.StartTaskRunTimeStats) refers to debug_printf.o(.text.StartTaskRunTimeStats) for [Anonymous Symbol]
    debug_printf.o(.text.fputc) refers to debug_printf.o(.text.ITM_SendChar) for ITM_SendChar
    debug_printf.o(.ARM.exidx.text.fputc) refers to debug_printf.o(.text.fputc) for [Anonymous Symbol]
    debug_printf.o(.ARM.exidx.text.ITM_SendChar) refers to debug_printf.o(.text.ITM_SendChar) for [Anonymous Symbol]
    user_audio_processing.o(.text.CopyADCData_MedianFilter) refers to adc.o(.bss.aADC1ConvertedData) for aADC1ConvertedData
    user_audio_processing.o(.text.CopyADCData_MedianFilter) refers to freertos.o(.bss.audio_input_buffer) for audio_input_buffer
    user_audio_processing.o(.text.CopyADCData_MedianFilter) refers to user_audio_processing.o(.text.middle_of_3) for middle_of_3
    user_audio_processing.o(.ARM.exidx.text.CopyADCData_MedianFilter) refers to user_audio_processing.o(.text.CopyADCData_MedianFilter) for [Anonymous Symbol]
    user_audio_processing.o(.ARM.exidx.text.middle_of_3) refers to user_audio_processing.o(.text.middle_of_3) for [Anonymous Symbol]
    user_audio_processing.o(.ARM.exidx.text.middle_of_3_float) refers to user_audio_processing.o(.text.middle_of_3_float) for [Anonymous Symbol]
    user_audio_processing.o(.text.medfilter) refers to user_audio_processing.o(.data.medfilter.datpoint) for medfilter.datpoint
    user_audio_processing.o(.text.medfilter) refers to user_audio_processing.o(.bss.medfilter.buffer) for medfilter.buffer
    user_audio_processing.o(.text.medfilter) refers to user_audio_processing.o(.data.medfilter.big) for medfilter.big
    user_audio_processing.o(.text.medfilter) refers to user_audio_processing.o(.bss.medfilter.small) for medfilter.small
    user_audio_processing.o(.ARM.exidx.text.medfilter) refers to user_audio_processing.o(.text.medfilter) for [Anonymous Symbol]
    user_audio_processing.o(.text.efficient_peak_detector) refers to user_audio_processing.o(.bss.efficient_peak_detector.peak_value) for efficient_peak_detector.peak_value
    user_audio_processing.o(.text.efficient_peak_detector) refers to user_audio_processing.o(.bss.efficient_peak_detector.wr_idx) for efficient_peak_detector.wr_idx
    user_audio_processing.o(.text.efficient_peak_detector) refers to user_audio_processing.o(.bss.efficient_peak_detector.peak_value_idx) for efficient_peak_detector.peak_value_idx
    user_audio_processing.o(.text.efficient_peak_detector) refers to user_audio_processing.o(.bss.efficient_peak_detector.wbuffer) for efficient_peak_detector.wbuffer
    user_audio_processing.o(.ARM.exidx.text.efficient_peak_detector) refers to user_audio_processing.o(.text.efficient_peak_detector) for [Anonymous Symbol]
[...]
    DMA1_Stream3_IRQHandler                  0x080001f7   Thumb Code     0  startup_stm32f410rx.o(.text)
    DMA1_Stream4_IRQHandler                  0x080001f7   Thumb Code     0  startup_stm32f410rx.o(.text)
    DMA1_Stream5_IRQHandler                  0x080001f7   Thumb Code     0  startup_stm32f410rx.o(.text)
    DMA1_Stream6_IRQHandler                  0x080001f7   Thumb Code     0  startup_stm32f410rx.o(.text)
    DMA1_Stream7_IRQHandler                  0x080001f7   Thumb Code     0  startup_stm32f410rx.o(.text)
    DMA2_Stream1_IRQHandler                  0x080001f7   Thumb Code     0  startup_stm32f410rx.o(.text)
    DMA2_Stream2_IRQHandler                  0x080001f7   Thumb Code     0  startup_stm32f410rx.o(.text)
    DMA2_Stream3_IRQHandler                  0x080001f7   Thumb Code     0  startup_stm32f410rx.o(.text)
    DMA2_Stream4_IRQHandler                  0x080001f7   Thumb Code     0  startup_stm32f410rx.o(.text)
    DMA2_Stream5_IRQHandler                  0x080001f7   Thumb Code     0  startup_stm32f410rx.o(.text)
    DMA2_Stream6_IRQHandler                  0x080001f7   Thumb Code     0  startup_stm32f410rx.o(.text)
    DMA2_Stream7_IRQHandler                  0x080001f7   Thumb Code     0  startup_stm32f410rx.o(.text)
    EXTI0_IRQHandler                         0x080001f7   Thumb Code     0  startup_stm32f410rx.o(.text)
    EXTI15_10_IRQHandler                     0x080001f7   Thumb Code     0  startup_stm32f410rx.o(.text)
    EXTI1_IRQHandler                         0x080001f7   Thumb Code     0  startup_stm32f410rx.o(.text)
    EXTI2_IRQHandler                         0x080001f7   Thumb Code     0  startup_stm32f410rx.o(.text)
    EXTI3_IRQHandler                         0x080001f7   Thumb Code     0  startup_stm32f410rx.o(.text)
    EXTI4_IRQHandler                         0x080001f7   Thumb Code     0  startup_stm32f410rx.o(.text)
    EXTI9_5_IRQHandler                       0x080001f7   Thumb Code     0  startup_stm32f410rx.o(.text)
    FLASH_IRQHandler                         0x080001f7   Thumb Code     0  startup_stm32f410rx.o(.text)
    FMPI2C1_ER_IRQHandler                    0x080001f7   Thumb Code     0  startup_stm32f410rx.o(.text)
    FMPI2C1_EV_IRQHandler                    0x080001f7   Thumb Code     0  startup_stm32f410rx.o(.text)
    FPU_IRQHandler                           0x080001f7   Thumb Code     0  startup_stm32f410rx.o(.text)
    I2C1_ER_IRQHandler                       0x080001f7   Thumb Code     0  startup_stm32f410rx.o(.text)
    I2C1_EV_IRQHandler                       0x080001f7   Thumb Code     0  startup_stm32f410rx.o(.text)
    I2C2_ER_IRQHandler                       0x080001f7   Thumb Code     0  startup_stm32f410rx.o(.text)
    I2C2_EV_IRQHandler                       0x080001f7   Thumb Code     0  startup_stm32f410rx.o(.text)
    LPTIM1_IRQHandler                        0x080001f7   Thumb Code     0  startup_stm32f410rx.o(.text)
    PVD_IRQHandler                           0x080001f7   Thumb Code     0  startup_stm32f410rx.o(.text)
    RCC_IRQHandler                           0x080001f7   Thumb Code     0  startup_stm32f410rx.o(.text)
    RNG_IRQHandler                           0x080001f7   Thumb Code     0  startup_stm32f410rx.o(.text)
    RTC_Alarm_IRQHandler                     0x080001f7   Thumb Code     0  startup_stm32f410rx.o(.text)
    RTC_WKUP_IRQHandler                      0x080001f7   Thumb Code     0  startup_stm32f410rx.o(.text)
    SPI1_IRQHandler                          0x080001f7   Thumb Code     0  startup_stm32f410rx.o(.text)
    SPI2_IRQHandler                          0x080001f7   Thumb Code     0  startup_stm32f410rx.o(.text)
    SPI5_IRQHandler                          0x080001f7   Thumb Code     0  startup_stm32f410rx.o(.text)
    TAMP_STAMP_IRQHandler                    0x080001f7   Thumb Code     0  startup_stm32f410rx.o(.text)
    TIM1_BRK_TIM9_IRQHandler                 0x080001f7   Thumb Code     0  startup_stm32f410rx.o(.text)
    TIM1_CC_IRQHandler                       0x080001f7   Thumb Code     0  startup_stm32f410rx.o(.text)
    TIM1_UP_IRQHandler                       0x080001f7   Thumb Code     0  startup_stm32f410rx.o(.text)
    TIM5_IRQHandler                          0x080001f7   Thumb Code     0  startup_stm32f410rx.o(.text)
    USART1_IRQHandler                        0x080001f7   Thumb Code     0  startup_stm32f410rx.o(.text)
    USART6_IRQHandler                        0x080001f7   Thumb Code     0  startup_stm32f410rx.o(.text)
    WWDG_IRQHandler                          0x080001f7   Thumb Code     0  startup_stm32f410rx.o(.text)
    __aeabi_uldivmod                         0x08000201   Thumb Code    98  uldiv.o(.text)
    __aeabi_memcpy                           0x08000263   Thumb Code    36  memcpya.o(.text)
    __aeabi_memcpy4                          0x08000263   Thumb Code     0  memcpya.o(.text)
    __aeabi_memcpy8                          0x08000263   Thumb Code     0  memcpya.o(.text)
    __aeabi_memset                           0x08000287   Thumb Code    14  memseta.o(.text)
    __aeabi_memset4                          0x08000287   Thumb Code     0  memseta.o(.text)
    __aeabi_memset8                          0x08000287   Thumb Code     0  memseta.o(.text)
    __aeabi_memclr                           0x08000295   Thumb Code     4  memseta.o(.text)
    __aeabi_memclr4                          0x08000295   Thumb Code     0  memseta.o(.text)
    __aeabi_memclr8                          0x08000295   Thumb Code     0  memseta.o(.text)
    _memset$wrapper                          0x08000299   Thumb Code    18  memseta.o(.text)
    strlen                                   0x080002ab   Thumb Code    14  strlen.o(.text)
    strcpy                                   0x080002b9   Thumb Code    18  strcpy.o(.text)
    __aeabi_dadd                             0x080002cb   Thumb Code   322  dadd.o(.text)
    __aeabi_dsub                             0x0800040d   Thumb Code     6  dadd.o(.text)
    __aeabi_drsub                            0x08000413   Thumb Code     6  dadd.o(.text)
    __aeabi_dmul                             0x08000419   Thumb Code   228  dmul.o(.text)
    __aeabi_ddiv                             0x080004fd   Thumb Code   222  ddiv.o(.text)
    __aeabi_i2d                              0x080005db   Thumb Code    34  dflti.o(.text)
    __aeabi_f2d                              0x080005fd   Thumb Code    38  f2d.o(.text)
    __aeabi_d2f                              0x08000623   Thumb Code    56  d2f.o(.text)
    __aeabi_uidiv                            0x0800065b   Thumb Code     0  uidiv.o(.text)
    __aeabi_uidivmod                         0x0800065b   Thumb Code    44  uidiv.o(.text)
    __aeabi_llsl                             0x08000687   Thumb Code    30  llshl.o(.text)
    _ll_shift_l                              0x08000687   Thumb Code     0  llshl.o(.text)
    __aeabi_llsr                             0x080006a5   Thumb Code    32  llushr.o(.text)
    _ll_ushift_r                             0x080006a5   Thumb Code     0  llushr.o(.text)
    __aeabi_lasr                             0x080006c5   Thumb Code    36  llsshr.o(.text)
    _ll_sshift_r                             0x080006c5   Thumb Code     0  llsshr.o(.text)
    __I$use$fp                               0x080006e9   Thumb Code     0  iusefp.o(.text)
    _float_round                             0x080006e9   Thumb Code    18  fepilogue.o(.text)
    _float_epilogue                          0x080006fb   Thumb Code    92  fepilogue.o(.text)
    _double_round                            0x08000757   Thumb Code    30  depilogue.o(.text)
    _double_epilogue                         0x08000775   Thumb Code   156  depilogue.o(.text)
    __ARM_scalbn                             0x08000811   Thumb Code    46  dscalb.o(.text)
    scalbn                                   0x08000811   Thumb Code     0  dscalb.o(.text)
    __aeabi_d2ulz                            0x0800083f   Thumb Code    48  dfixul.o(.text)
    __aeabi_cdrcmple                         0x08000871   Thumb Code    48  cdrcmple.o(.text)
    __scatterload                            0x080008a1   Thumb Code    28  init.o(.text)
    __scatterload_rt2                        0x080008a1   Thumb Code     0  init.o(.text)
    _dsqrt                                   0x080008c5   Thumb Code   162  dsqrt.o(.text)
    __decompress                             0x08000967   Thumb Code     0  __dczerorl2.o(.text)
    __decompress1                            0x08000967   Thumb Code    86  __dczerorl2.o(.text)
    BusFault_Handler                         0x08000b7d   Thumb Code    32  stm32f4xx_it.o(.text.BusFault_Handler)
    Calculate_FreqDataArray                  0x08000ba1   Thumb Code   192  user_app_core.o(.text.Calculate_FreqDataArray)
    CopyADCData_MedianFilter                 0x08000c61   Thumb Code   152  user_audio_processing.o(.text.CopyADCData_MedianFilter)
    DMA2_Stream0_IRQHandler                  0x08000cf9   Thumb Code    16  stm32f4xx_it.o(.text.DMA2_Stream0_IRQHandler)
    DebugMon_Handler                         0x08000dc5   Thumb Code     2  stm32f4xx_it.o(.text.DebugMon_Handler)
    Error_Handler                            0x08000dc9   Thumb Code    32  main.o(.text.Error_Handler)
    Find_Closest_FreqDataArray_SubNum        0x08000de9   Thumb Code   132  user_app_core.o(.text.Find_Closest_FreqDataArray_SubNum)
    HAL_ADC_AnalogWDGConfig                  0x08000e6d   Thumb Code   396  stm32f4xx_hal_adc.o(.text.HAL_ADC_AnalogWDGConfig)
    HAL_ADC_ConfigChannel                    0x08000ff9   Thumb Code   326  stm32f4xx_hal_adc.o(.text.HAL_ADC_ConfigChannel)
    HAL_ADC_ConvCpltCallback                 0x08001141   Thumb Code    66  adc.o(.text.HAL_ADC_ConvCpltCallback)
    HAL_ADC_ConvHalfCpltCallback             0x08001185   Thumb Code    66  adc.o(.text.HAL_ADC_ConvHalfCpltCallback)
    HAL_ADC_ErrorCallback                    0x080011c9   Thumb Code     2  stm32f4xx_hal_adc.o(.text.HAL_ADC_ErrorCallback)
    HAL_ADC_Init                             0x080011cd   Thumb Code   514  stm32f4xx_hal_adc.o(.text.HAL_ADC_Init)
    HAL_ADC_MspInit                          0x080013d1   Thumb Code   202  adc.o(.text.HAL_ADC_MspInit)
    HAL_ADC_Start_DMA                        0x0800149d   Thumb Code   318  stm32f4xx_hal_adc.o(.text.HAL_ADC_Start_DMA)
    HAL_DMA_Abort_IT                         0x080015dd   Thumb Code    36  stm32f4xx_hal_dma.o(.text.HAL_DMA_Abort_IT)
    HAL_DMA_IRQHandler                       0x08001601   Thumb Code   396  stm32f4xx_hal_dma.o(.text.HAL_DMA_IRQHandler)
    HAL_DMA_Init                             0x0800178d   Thumb Code   810  stm32f4xx_hal_dma.o(.text.HAL_DMA_Init)
    HAL_DMA_Start_IT                         0x08001ab9   Thumb Code   146  stm32f4xx_hal_dma.o(.text.HAL_DMA_Start_IT)
    HAL_GPIO_Init                            0x08001b4d   Thumb Code   708  stm32f4xx_hal_gpio.o(.text.HAL_GPIO_Init)
    HAL_GPIO_ReadPin                         0x08001e11   Thumb Code    34  stm32f4xx_hal_gpio.o(.text.HAL_GPIO_ReadPin)
    HAL_GPIO_TogglePin                       0x08001e35   Thumb Code    38  stm32f4xx_hal_gpio.o(.text.HAL_GPIO_TogglePin)
    HAL_GPIO_WritePin                        0x08001e5d   Thumb Code    66  stm32f4xx_hal_gpio.o(.text.HAL_GPIO_WritePin)
    HAL_GetTick                              0x08001ea1   Thumb Code    12  stm32f4xx_hal.o(.text.HAL_GetTick)
    HAL_IncTick                              0x08001ead   Thumb Code    26  stm32f4xx_hal.o(.text.HAL_IncTick)
    HAL_Init                                 0x08001ec9   Thumb Code    54  stm32f4xx_hal.o(.text.HAL_Init)
    HAL_InitTick                             0x08001f01   Thumb Code   142  stm32f4xx_hal_timebase_tim.o(.text.HAL_InitTick)
    HAL_MspInit                              0x08001f91   Thumb Code    70  stm32f4xx_hal_msp.o(.text.HAL_MspInit)
    HAL_NVIC_EnableIRQ                       0x08001fd9   Thumb Code    32  stm32f4xx_hal_cortex.o(.text.HAL_NVIC_EnableIRQ)
    HAL_NVIC_SetPriority                     0x08001ff9   Thumb Code    66  stm32f4xx_hal_cortex.o(.text.HAL_NVIC_SetPriority)
    HAL_NVIC_SetPriorityGrouping             0x0800203d   Thumb Code    32  stm32f4xx_hal_cortex.o(.text.HAL_NVIC_SetPriorityGrouping)
    HAL_RCC_ClockConfig                      0x0800205d   Thumb Code   534  stm32f4xx_hal_rcc.o(.text.HAL_RCC_ClockConfig)
    HAL_RCC_GetClockConfig                   0x08002275   Thumb Code    62  stm32f4xx_hal_rcc.o(.text.HAL_RCC_GetClockConfig)
    HAL_RCC_GetHCLKFreq                      0x080022b5   Thumb Code    12  stm32f4xx_hal_rcc.o(.text.HAL_RCC_GetHCLKFreq)
    HAL_RCC_GetPCLK1Freq                     0x080022c1   Thumb Code    34  stm32f4xx_hal_rcc.o(.text.HAL_RCC_GetPCLK1Freq)
    HAL_RCC_GetPCLK2Freq                     0x080022e5   Thumb Code    34  stm32f4xx_hal_rcc.o(.text.HAL_RCC_GetPCLK2Freq)
    HAL_RCC_GetSysClockFreq                  0x08002309   Thumb Code   106  stm32f4xx_hal_rcc.o(.text.HAL_RCC_GetSysClockFreq)
    HAL_RCC_OscConfig                        0x08002375   Thumb Code  1114  stm32f4xx_hal_rcc_ex.o(.text.HAL_RCC_OscConfig)
    HAL_TIMEx_BreakCallback                  0x080027d1   Thumb Code     2  stm32f4xx_hal_tim_ex.o(.text.HAL_TIMEx_BreakCallback)
    HAL_TIMEx_CommutCallback                 0x080027d5   Thumb Code     2  stm32f4xx_hal_tim_ex.o(.text.HAL_TIMEx_CommutCallback)
    HAL_TIMEx_MasterConfigSynchronization    0x080027d9   Thumb Code   200  stm32f4xx_hal_tim_ex.o(.text.HAL_TIMEx_MasterConfigSynchronization)
    HAL_TIM_Base_Init                        0x080028a1   Thumb Code   248  stm32f4xx_hal_tim.o(.text.HAL_TIM_Base_Init)
    HAL_TIM_Base_MspInit                     0x08002999   Thumb Code   114  tim.o(.text.HAL_TIM_Base_MspInit)
    HAL_TIM_Base_Start_IT                    0x08002a0d   Thumb Code   126  stm32f4xx_hal_tim.o(.text.HAL_TIM_Base_Start_IT)
    HAL_TIM_ConfigClockSource                0x08002a8d   Thumb Code  1050  stm32f4xx_hal_tim.o(.text.HAL_TIM_ConfigClockSource)
    HAL_TIM_IC_CaptureCallback               0x08002ea9   Thumb Code     2  stm32f4xx_hal_tim.o(.text.HAL_TIM_IC_CaptureCallback)
    HAL_TIM_IRQHandler                       0x08002ead   Thumb Code   362  stm32f4xx_hal_tim.o(.text.HAL_TIM_IRQHandler)
    HAL_TIM_OC_ConfigChannel                 0x08003019   Thumb Code   394  stm32f4xx_hal_tim.o(.text.HAL_TIM_OC_ConfigChannel)
    HAL_TIM_OC_DelayElapsedCallback          0x080031a5   Thumb Code     2  stm32f4xx_hal_tim.o(.text.HAL_TIM_OC_DelayElapsedCallback)
    HAL_TIM_OC_Init                          0x080031a9   Thumb Code   248  stm32f4xx_hal_tim.o(.text.HAL_TIM_OC_Init)
    HAL_TIM_OC_MspInit                       0x080032a1   Thumb Code     2  stm32f4xx_hal_tim.o(.text.HAL_TIM_OC_MspInit)
    HAL_TIM_OC_Start_IT                      0x080032a5   Thumb Code   192  stm32f4xx_hal_tim.o(.text.HAL_TIM_OC_Start_IT)
    HAL_TIM_PWM_PulseFinishedCallback        0x08003365   Thumb Code     2  stm32f4xx_hal_tim.o(.text.HAL_TIM_PWM_PulseFinishedCallback)
    HAL_TIM_PeriodElapsedCallback            0x08003369   Thumb Code    22  main.o(.text.HAL_TIM_PeriodElapsedCallback)
    HAL_TIM_TriggerCallback                  0x08003381   Thumb Code     2  stm32f4xx_hal_tim.o(.text.HAL_TIM_TriggerCallback)
    HAL_UART_ErrorCallback                   0x08003385   Thumb Code     2  stm32f4xx_hal_uart.o(.text.HAL_UART_ErrorCallback)
    HAL_UART_IRQHandler                      0x08003389   Thumb Code   276  stm32f4xx_hal_uart.o(.text.HAL_UART_IRQHandler)
    HAL_UART_Init                            0x0800349d   Thumb Code   284  stm32f4xx_hal_uart.o(.text.HAL_UART_Init)
    HAL_UART_MspInit                         0x080035b9   Thumb Code   130  usart.o(.text.HAL_UART_MspInit)
    HAL_UART_RxCpltCallback                  0x0800363d   Thumb Code     2  stm32f4xx_hal_uart.o(.text.HAL_UART_RxCpltCallback)
    HAL_UART_TxCpltCallback                  0x08003641   Thumb Code     2  stm32f4xx_hal_uart.o(.text.HAL_UART_TxCpltCallback)
    HardFault_Handler                        0x08003645   Thumb Code    32  stm32f4xx_it.o(.text.HardFault_Handler)
    MX_ADC1_Init                             0x08003691   Thumb Code   184  adc.o(.text.MX_ADC1_Init)
    MX_DMA_Init                              0x08003749   Thumb Code    54  dma.o(.text.MX_DMA_Init)
    MX_FREERTOS_Init                         0x08003781   Thumb Code   414  freertos.o(.text.MX_FREERTOS_Init)
    MX_GPIO_Init                             0x08003921   Thumb Code   388  gpio.o(.text.MX_GPIO_Init)
    MX_TIM11_Init                            0x08003aa5   Thumb Code    52  tim.o(.text.MX_TIM11_Init)
    MX_TIM5_Init                             0x08003ad9   Thumb Code   198  tim.o(.text.MX_TIM5_Init)
    MX_USART2_UART_Init                      0x08003ba1   Thumb Code    56  usart.o(.text.MX_USART2_UART_Init)
    MemManage_Handler                        0x08003bd9   Thumb Code    32  stm32f4xx_it.o(.text.MemManage_Handler)
    MultiButton_Read_Button_1                0x08003bf9   Thumb Code    20  bsp_ui.o(.text.MultiButton_Read_Button_1)
    MultiButton_Read_Button_2                0x08003c0d   Thumb Code    18  bsp_ui.o(.text.MultiButton_Read_Button_2)
    MultiButton_Read_Button_3                0x08003c21   Thumb Code    20  bsp_ui.o(.text.MultiButton_Read_Button_3)
    MultiButton_Read_Button_4                0x08003c35   Thumb Code    18  bsp_ui.o(.text.MultiButton_Read_Button_4)
    NMI_Handler                              0x08003c49   Thumb Code     2  stm32f4xx_it.o(.text.NMI_Handler)
    PendSV_Handler                           0x08003c81   Thumb Code   100  port.o(.text.PendSV_Handler)
    SVC_Handler                              0x08003cf1   Thumb Code    36  port.o(.text.SVC_Handler)
    StartTaskRunTimeStats                    0x08003d15   Thumb Code    16  debug_printf.o(.text.StartTaskRunTimeStats)
    StartTask_AudioPreProcessing             0x08003d25   Thumb Code   124  freertos.o(.text.StartTask_AudioPreProcessing)
    StartTask_AudioProcessing                0x08003da1   Thumb Code   388  freertos.o(.text.StartTask_AudioProcessing)
    StartTask_Core                           0x08003f25   Thumb Code    10  freertos.o(.text.StartTask_Core)
    StartTask_Debug                          0x08003f31   Thumb Code   260  freertos.o(.text.StartTask_Debug)
    StartTask_GUI                            0x08004035   Thumb Code    10  freertos.o(.text.StartTask_GUI)
    StartTask_Moter                          0x08004041   Thumb Code   236  freertos.o(.text.StartTask_Moter)
    StartTask_UI                             0x0800412d   Thumb Code    12  freertos.o(.text.StartTask_UI)
    SysTick_Handler                          0x08004139   Thumb Code    46  port.o(.text.SysTick_Handler)
    SystemClock_Config                       0x08004169   Thumb Code   166  main.o(.text.SystemClock_Config)
    SystemInit                               0x08004211   Thumb Code    86  system_stm32f4xx.o(.text.SystemInit)
    TIM1_TRG_COM_TIM11_IRQHandler            0x08004269   Thumb Code    38  stm32f4xx_it.o(.text.TIM1_TRG_COM_TIM11_IRQHandler)
    TIM6_DAC_IRQHandler                      0x08004291   Thumb Code    16  stm32f4xx_it.o(.text.TIM6_DAC_IRQHandler)
    TIM_Base_SetConfig                       0x080042a1   Thumb Code   128  stm32f4xx_hal_tim.o(.text.TIM_Base_SetConfig)
    TIM_CCxChannelCmd                        0x08004321   Thumb Code   146  stm32f4xx_hal_tim.o(.text.TIM_CCxChannelCmd)
    TIM_ETR_SetConfig                        0x080043b5   Thumb Code    22  stm32f4xx_hal_tim.o(.text.TIM_ETR_SetConfig)
    TIM_OC2_SetConfig                        0x080044a1   Thumb Code   202  stm32f4xx_hal_tim.o(.text.TIM_OC2_SetConfig)
    USART2_IRQHandler                        0x080049ed   Thumb Code    16  stm32f4xx_it.o(.text.USART2_IRQHandler)
    USER_App_Core_Init                       0x080049fd   Thumb Code    88  user_app_core.o(.text.USER_App_Core_Init)
    USER_BSP_Button_Init                     0x08004a55   Thumb Code   208  bsp_ui.o(.text.USER_BSP_Button_Init)
    USER_BSP_UI_ButtonScan                   0x08004b25   Thumb Code     8  bsp_ui.o(.text.USER_BSP_UI_ButtonScan)
    UsageFault_Handler                       0x08004b2d   Thumb Code    32  stm32f4xx_it.o(.text.UsageFault_Handler)
    Yin_absoluteThreshold                    0x08004b4d   Thumb Code   190  yin.o(.text.Yin_absoluteThreshold)
    Yin_cumulativeMeanNormalizedDifference   0x08004c0d   Thumb Code    80  yin.o(.text.Yin_cumulativeMeanNormalizedDifference)
    Yin_difference                           0x08004c5d   Thumb Code   110  yin.o(.text.Yin_difference)
    Yin_freeBuffer_RTOS                      0x08004ccd   Thumb Code    34  yin.o(.text.Yin_freeBuffer_RTOS)
    Yin_getPitch                             0x08004cf1   Thumb Code    52  yin.o(.text.Yin_getPitch)
    Yin_init                                 0x08004d25   Thumb Code    66  yin.o(.text.Yin_init)
    Yin_parabolicInterpolation               0x08004d69   Thumb Code   198  yin.o(.text.Yin_parabolicInterpolation)
    arm_pid_init_f32                         0x08004ea5   Thumb Code    58  controllerfunctions.o(.text.arm_pid_init_f32)
    assert_failed                            0x08004ee1   Thumb Code    60  main.o(.text.assert_failed)
    button_1_LONG_RRESS_START_Handler        0x08004f1d   Thumb Code    36  bsp_ui.o(.text.button_1_LONG_RRESS_START_Handler)
    button_1_SINGLE_CLICK_Handler            0x08004f41   Thumb Code    36  bsp_ui.o(.text.button_1_SINGLE_CLICK_Handler)
    button_2_SINGLE_CLICK_Handler            0x08004f65   Thumb Code    52  bsp_ui.o(.text.button_2_SINGLE_CLICK_Handler)
    button_3_SINGLE_CLICK_Handler            0x08004f99   Thumb Code    36  bsp_ui.o(.text.button_3_SINGLE_CLICK_Handler)
    button_4_SINGLE_CLICK_Handler            0x08004fbd   Thumb Code    36  bsp_ui.o(.text.button_4_SINGLE_CLICK_Handler)
    button_attach                            0x08004fe1   Thumb Code     8  multi_button.o(.text.button_attach)
    button_handler                           0x08004fe9   Thumb Code   442  multi_button.o(.text.button_handler)
    button_init                              0x080051a5   Thumb Code    52  multi_button.o(.text.button_init)
    button_start                             0x080051d9   Thumb Code    38  multi_button.o(.text.button_start)
    button_ticks                             0x08005201   Thumb Code    34  multi_button.o(.text.button_ticks)
    configureTimerForRunTimeStats            0x08005225   Thumb Code     2  freertos.o(.text.configureTimerForRunTimeStats)
    eTaskGetState                            0x08005229   Thumb Code   136  tasks.o(.text.eTaskGetState)
    fputc                                    0x080052b1   Thumb Code    12  debug_printf.o(.text.fputc)
    getRunTimeCounterValue                   0x080052bd   Thumb Code    12  freertos.o(.text.getRunTimeCounterValue)
    main                                     0x080052c9   Thumb Code    98  main.o(.text.main)
    middle_of_3                              0x08005339   Thumb Code    44  user_audio_processing.o(.text.middle_of_3)
    osDelay                                  0x08005365   Thumb Code    16  cmsis_os.o(.text.osDelay)
    osKernelStart                            0x08005375   Thumb Code    10  cmsis_os.o(.text.osKernelStart)
    osMessageCreate                          0x08005381   Thumb Code    50  cmsis_os.o(.text.osMessageCreate)
    osThreadCreate                           0x080053b5   Thumb Code   110  cmsis_os.o(.text.osThreadCreate)
    pvPortMalloc                             0x080059fd   Thumb Code   298  heap_4.o(.text.pvPortMalloc)
    pxPortInitialiseStack                    0x08005b29   Thumb Code    40  port.o(.text.pxPortInitialiseStack)
    uxListRemove                             0x08005b51   Thumb Code    40  list.o(.text.uxListRemove)
    uxTaskGetSystemState                     0x08005b79   Thumb Code   172  tasks.o(.text.uxTaskGetSystemState)
    vApplicationGetIdleTaskMemory            0x08005c25   Thumb Code    26  freertos.o(.text.vApplicationGetIdleTaskMemory)
    vApplicationStackOverflowHook            0x08005c41   Thumb Code    28  freertos.o(.text.vApplicationStackOverflowHook)
    vListInitialise                          0x08005c5d   Thumb Code    22  list.o(.text.vListInitialise)
    vListInitialiseItem                      0x08005c75   Thumb Code     6  list.o(.text.vListInitialiseItem)
    vListInsert                              0x08005c7d   Thumb Code    58  list.o(.text.vListInsert)
    vListInsertEnd                           0x08005cb9   Thumb Code    28  list.o(.text.vListInsertEnd)
    vPortEnterCritical                       0x08005ce9   Thumb Code    70  port.o(.text.vPortEnterCritical)
    vPortExitCritical                        0x08005d31   Thumb Code    46  port.o(.text.vPortExitCritical)
    vPortFree                                0x08005d61   Thumb Code   124  heap_4.o(.text.vPortFree)
    vPortSetupTimerInterrupt                 0x08005ddd   Thumb Code    52  port.o(.text.vPortSetupTimerInterrupt)
    vPortValidateInterruptPriority           0x08005e11   Thumb Code    98  port.o(.text.vPortValidateInterruptPriority)
    vTaskDelay                               0x08005e75   Thumb Code    84  tasks.o(.text.vTaskDelay)
    vTaskGetInfo                             0x08005ec9   Thumb Code   126  tasks.o(.text.vTaskGetInfo)
    vTaskGetRunTimeStats                     0x08005f49   Thumb Code   188  tasks.o(.text.vTaskGetRunTimeStats)
    vTaskInternalSetTimeOutState             0x08006005   Thumb Code    26  tasks.o(.text.vTaskInternalSetTimeOutState)
    vTaskList                                0x08006021   Thumb Code   176  tasks.o(.text.vTaskList)
    vTaskMissedYield                         0x080060d1   Thumb Code    14  tasks.o(.text.vTaskMissedYield)
    vTaskPlaceOnEventList                    0x080060e1   Thumb Code    50  tasks.o(.text.vTaskPlaceOnEventList)
    vTaskStartScheduler                      0x08006115   Thumb Code   132  tasks.o(.text.vTaskStartScheduler)
    vTaskSuspendAll                          0x08006199   Thumb Code    16  tasks.o(.text.vTaskSuspendAll)
    vTaskSwitchContext                       0x080061a9   Thumb Code   210  tasks.o(.text.vTaskSwitchContext)
    xPortGetFreeHeapSize                     0x0800627d   Thumb Code    12  heap_4.o(.text.xPortGetFreeHeapSize)
    xPortGetMinimumEverFreeHeapSize          0x08006289   Thumb Code    12  heap_4.o(.text.xPortGetMinimumEverFreeHeapSize)
    xPortStartScheduler                      0x08006295   Thumb Code   278  port.o(.text.xPortStartScheduler)
    xQueueGenericCreate                      0x080063ad   Thumb Code    78  queue.o(.text.xQueueGenericCreate)
    xQueueGenericCreateStatic                0x080063fd   Thumb Code   150  queue.o(.text.xQueueGenericCreateStatic)
    xQueueGenericReset                       0x08006495   Thumb Code   126  queue.o(.text.xQueueGenericReset)
    xQueueGenericSend                        0x08006515   Thumb Code   418  queue.o(.text.xQueueGenericSend)
    xQueueReceive                            0x080066b9   Thumb Code   384  queue.o(.text.xQueueReceive)
    xTaskCheckForTimeOut                     0x08006839   Thumb Code   136  tasks.o(.text.xTaskCheckForTimeOut)
    xTaskCreate                              0x080068c1   Thumb Code   102  tasks.o(.text.xTaskCreate)
    xTaskCreateStatic                        0x08006929   Thumb Code   118  tasks.o(.text.xTaskCreateStatic)
    xTaskGenericNotify                       0x080069a1   Thumb Code   252  tasks.o(.text.xTaskGenericNotify)
    xTaskGenericNotifyFromISR                0x08006a9d   Thumb Code   300  tasks.o(.text.xTaskGenericNotifyFromISR)
    xTaskGetSchedulerState                   0x08006bc9   Thumb Code    38  tasks.o(.text.xTaskGetSchedulerState)
    xTaskGetTickCount                        0x08006bf1   Thumb Code    12  tasks.o(.text.xTaskGetTickCount)
    xTaskIncrementTick                       0x08006bfd   Thumb Code   356  tasks.o(.text.xTaskIncrementTick)
    xTaskNotifyWait                          0x08006d61   Thumb Code   144  tasks.o(.text.xTaskNotifyWait)
    xTaskPriorityDisinherit                  0x08006df1   Thumb Code   178  tasks.o(.text.xTaskPriorityDisinherit)
    xTaskRemoveFromEventList                 0x08006ea5   Thumb Code   144  tasks.o(.text.xTaskRemoveFromEventList)
    xTaskResumeAll                           0x08006f35   Thumb Code   280  tasks.o(.text.xTaskResumeAll)
    __0printf                                0x0800704d   Thumb Code    22  printfa.o(i.__0printf)
    __1printf                                0x0800704d   Thumb Code     0  printfa.o(i.__0printf)
    __2printf                                0x0800704d   Thumb Code     0  printfa.o(i.__0printf)
    __c89printf                              0x0800704d   Thumb Code     0  printfa.o(i.__0printf)
    printf                                   0x0800704d   Thumb Code     0  printfa.o(i.__0printf)
    __0sprintf                               0x0800706d   Thumb Code    34  printfa.o(i.__0sprintf)
    __1sprintf                               0x0800706d   Thumb Code     0  printfa.o(i.__0sprintf)
    __2sprintf                               0x0800706d   Thumb Code     0  printfa.o(i.__0sprintf)
    __c89sprintf                             0x0800706d   Thumb Code     0  printfa.o(i.__0sprintf)
    sprintf                                  0x0800706d   Thumb Code     0  printfa.o(i.__0sprintf)
    __ARM_fpclassify                         0x08007095   Thumb Code    48  fpclassify.o(i.__ARM_fpclassify)
    __hardfp_pow                             0x080070c9   Thumb Code  3072  pow.o(i.__hardfp_pow)
    __kernel_poly                            0x08007d19   Thumb Code   248  poly.o(i.__kernel_poly)
    __mathlib_dbl_divzero                    0x08007e11   Thumb Code    28  dunder.o(i.__mathlib_dbl_divzero)
    __mathlib_dbl_infnan2                    0x08007e41   Thumb Code    20  dunder.o(i.__mathlib_dbl_infnan2)
    __mathlib_dbl_invalid                    0x08007e59   Thumb Code    24  dunder.o(i.__mathlib_dbl_invalid)
    __mathlib_dbl_overflow                   0x08007e79   Thumb Code    24  dunder.o(i.__mathlib_dbl_overflow)
    __mathlib_dbl_underflow                  0x08007e99   Thumb Code    24  dunder.o(i.__mathlib_dbl_underflow)
    __scatterload_copy                       0x08007eb9   Thumb Code    14  handlers.o(i.__scatterload_copy)
    __scatterload_null                       0x08007ec7   Thumb Code     2  handlers.o(i.__scatterload_null)
    __scatterload_zeroinit                   0x08007ec9   Thumb Code    14  handlers.o(i.__scatterload_zeroinit)
    __set_errno                              0x08007ed9   Thumb Code     6  errno.o(i.__set_errno)
    fabs                                     0x080087a1   Thumb Code    24  fabs.o(i.fabs)
    puts                                     0x080087b9   Thumb Code    30  puts.o(i.puts)
    sqrt                                     0x080087dd   Thumb Code   110  sqrt.o(i.sqrt)
    __mathlib_zero                           0x080088d8   Data           8  qnan.o(.constdata)
    AHBPrescTable                            0x080089b4   Data          16  system_stm32f4xx.o(.rodata.AHBPrescTable)
    APBPrescTable                            0x080089c4   Data           8  system_stm32f4xx.o(.rodata.APBPrescTable)
    MusicalInstrumentData                    0x080089cc   Data         260  user_database.o(.rodata.MusicalInstrumentData)
    guitar_railsback_freq_data               0x08008ad0   Data          28  user_database.o(.rodata.guitar_railsback_freq_data)
    string_name_guitar_DADGAD                0x08008f46   Data           7  user_database.o(.rodata.string_name_guitar_DADGAD)
    string_name_guitar_DropA                 0x08008f4d   Data           7  user_database.o(.rodata.string_name_guitar_DropA)
    string_name_guitar_DropB                 0x08008f54   Data           7  user_database.o(.rodata.string_name_guitar_DropB)
    string_name_guitar_DropC                 0x08008f5b   Data           7  user_database.o(.rodata.string_name_guitar_DropC)
    string_name_guitar_DropCs                0x08008f62   Data           7  user_database.o(.rodata.string_name_guitar_DropCs)
    string_name_guitar_DropD                 0x08008f69   Data           7  user_database.o(.rodata.string_name_guitar_DropD)
    string_name_guitar_FullStepDown          0x08008f70   Data           7  user_database.o(.rodata.string_name_guitar_FullStepDown)
    string_name_guitar_HalfStepDown          0x08008f77   Data           7  user_database.o(.rodata.string_name_guitar_HalfStepDown)
    string_name_guitar_OpenC                 0x08008f7e   Data           7  user_database.o(.rodata.string_name_guitar_OpenC)
    string_name_guitar_OpenD                 0x08008f85   Data           7  user_database.o(.rodata.string_name_guitar_OpenD)
    string_name_guitar_OpenE                 0x08008f8c   Data           7  user_database.o(.rodata.string_name_guitar_OpenE)
    string_name_guitar_OpenG                 0x08008f93   Data           7  user_database.o(.rodata.string_name_guitar_OpenG)
    string_name_guitar_StdE                  0x08008f9a   Data           7  user_database.o(.rodata.string_name_guitar_StdE)
    Region$$Table$$Base                      0x08008fa4   Number         0  anon$$obj.o(Region$$Table)
    Region$$Table$$Limit                     0x08008fc4   Number         0  anon$$obj.o(Region$$Table)
    __stdout                                 0x20000000   Data           4  stdout.o(.data)
    SystemCoreClock                          0x2000000c   Data           4  system_stm32f4xx.o(.data.SystemCoreClock)
    all_string_name                          0x20000010   Data         356  user_database.o(.data.all_string_name)
    f0_target                                0x20000174   Data           4  freertos.o(.data.f0_target)
    uwTickFreq                               0x20000178   Data           1  stm32f4xx_hal.o(.data.uwTickFreq)
    Queue_F0Buffer                           0x20000180   Data          16  freertos.o(.bss.Queue_F0Buffer)
    Queue_F0ControlBlock                     0x20000190   Data          80  freertos.o(.bss.Queue_F0ControlBlock)
    Queue_F0Handle                           0x200001e0   Data           4  freertos.o(.bss.Queue_F0Handle)
    aADC1ConvertedData                       0x20000234   Data        4096  adc.o(.bss.aADC1ConvertedData)
    audio_input_buffer                       0x20001234   Data        2048  freertos.o(.bss.audio_input_buffer)
    button_1                                 0x20001a34   Data          40  bsp_ui.o(.bss.button_1)
    button_2                                 0x20001a5c   Data          40  bsp_ui.o(.bss.button_2)
    button_3                                 0x20001a84   Data          40  bsp_ui.o(.bss.button_3)
    button_4                                 0x20001aac   Data          40  bsp_ui.o(.bss.button_4)
    calculate_final_frequency                0x20001ad4   Data          40  user_app_core.o(.bss.calculate_final_frequency)
    hadc1                                    0x20001afc   Data          72  adc.o(.bss.hadc1)
    hdma_adc1                                0x20001b44   Data          96  adc.o(.bss.hdma_adc1)
    htim11                                   0x20001ba8   Data          64  tim.o(.bss.htim11)
    htim5                                    0x20001be8   Data          64  tim.o(.bss.htim5)
    htim6                                    0x20001c28   Data          64  stm32f4xx_hal_timebase_tim.o(.bss.htim6)
    huart2                                   0x20001c68   Data          64  usart.o(.bss.huart2)
    osTask_AudioP1Handle                     0x20001ca8   Data           4  freertos.o(.bss.osTask_AudioP1Handle)
    osTask_AudioP2Handle                     0x20001cac   Data           4  freertos.o(.bss.osTask_AudioP2Handle)
    osTask_CoreHandle                        0x20001cb0   Data           4  freertos.o(.bss.osTask_CoreHandle)
    osTask_DebugHandle                       0x20001cb4   Data           4  freertos.o(.bss.osTask_DebugHandle)
    osTask_GUIHandle                         0x20001cb8   Data           4  freertos.o(.bss.osTask_GUIHandle)
    osTask_MoterHandle                       0x20001cbc   Data           4  freertos.o(.bss.osTask_MoterHandle)
    osTask_UIHandle                          0x20001cc0   Data           4  freertos.o(.bss.osTask_UIHandle)
    pxCurrentTCB                             0x20001cc4   Data           4  tasks.o(.bss.pxCurrentTCB)
    setting_music_status                     0x20001d4c   Data          20  user_app_core.o(.bss.setting_music_status)
    setting_tuner_status                     0x20001d60   Data          24  user_app_core.o(.bss.setting_tuner_status)
    ulHighFrequencyTimerTicks                0x20005d80   Data           8  freertos.o(.bss.ulHighFrequencyTimerTicks)
    uwTick                                   0x20005d90   Data           4  stm32f4xx_hal.o(.bss.uwTick)
    __initial_sp                             0x20006588   Data           0  startup_stm32f410rx.o(STACK)



==============================================================================

Memory Map of the image

  Image Entry point : 0x080001c9

  Load Region LR_IROM1 (Base: 0x08000000, Size: 0x00009148, Max: 0x00020000, ABSOLUTE, COMPRESSED[0x000090e8])

    Execution Region ER_IROM1 (Exec base: 0x08000000, Load base: 0x08000000, Size: 0x00008fc4, Max: 0x00020000, ABSOLUTE)

    Exec Addr    Load Addr    Size         Type   Attr      Idx    E Section Name        Object

    0x08000000   0x08000000   0x000001c8   Data   RO            3    RESET               startup_stm32f410rx.o
    0x080001c8   0x080001c8   0x00000000   Code   RO         3145  * .ARM.Collect$$$$00000000  mc_w.l(entry.o)
    0x080001c8   0x080001c8   0x00000004   Code   RO         3498    .ARM.Collect$$$$00000001  mc_w.l(entry2.o)
    0x080001cc   0x080001cc   0x00000004   Code   RO         3501    .ARM.Collect$$$$00000004  mc_w.l(entry5.o)
    0x080001d0   0x080001d0   0x00000000   Code   RO         3503    .ARM.Collect$$$$00000008  mc_w.l(entry7b.o)
    0x080001d0   0x080001d0   0x00000000   Code   RO         3505    .ARM.Collect$$$$0000000A  mc_w.l(entry8b.o)
    0x080001d0   0x080001d0   0x00000008   Code   RO         3506    .ARM.Collect$$$$0000000B  mc_w.l(entry9a.o)
    0x080001d8   0x080001d8   0x00000000   Code   RO         3508    .ARM.Collect$$$$0000000D  mc_w.l(entry10a.o)
    0x080001d8   0x080001d8   0x00000000   Code   RO         3510    .ARM.Collect$$$$0000000F  mc_w.l(entry11a.o)
    0x080001d8   0x080001d8   0x00000004   Code   RO         3499    .ARM.Collect$$$$00002712  mc_w.l(entry2.o)
    0x080001dc   0x080001dc   0x00000024   Code   RO            4    .text               startup_stm32f410rx.o
    0x08000200   0x08000200   0x00000062   Code   RO         3152    .text               mc_w.l(uldiv.o)
    0x08000262   0x08000262   0x00000024   Code   RO         3156    .text               mc_w.l(memcpya.o)
    0x08000286   0x08000286   0x00000024   Code   RO         3158    .text               mc_w.l(memseta.o)
    0x080002aa   0x080002aa   0x0000000e   Code   RO         3160    .text               mc_w.l(strlen.o)
    0x080002b8   0x080002b8   0x00000012   Code   RO         3162    .text               mc_w.l(strcpy.o)
    0x080002ca   0x080002ca   0x0000014e   Code   RO         3427    .text               mf_w.l(dadd.o)
    0x08000418   0x08000418   0x000000e4   Code   RO         3429    .text               mf_w.l(dmul.o)
    0x080004fc   0x080004fc   0x000000de   Code   RO         3431    .text               mf_w.l(ddiv.o)
    0x080005da   0x080005da   0x00000022   Code   RO         3435    .text               mf_w.l(dflti.o)
    0x080005fc   0x080005fc   0x00000026   Code   RO         3441    .text               mf_w.l(f2d.o)
    0x08000622   0x08000622   0x00000038   Code   RO         3443    .text               mf_w.l(d2f.o)
    0x0800065a   0x0800065a   0x0000002c   Code   RO         3513    .text               mc_w.l(uidiv.o)
    0x08000686   0x08000686   0x0000001e   Code   RO         3515    .text               mc_w.l(llshl.o)
    0x080006a4   0x080006a4   0x00000020   Code   RO         3517    .text               mc_w.l(llushr.o)
    0x080006c4   0x080006c4   0x00000024   Code   RO         3519    .text               mc_w.l(llsshr.o)
    0x080006e8   0x080006e8   0x00000000   Code   RO         3528    .text               mc_w.l(iusefp.o)
    0x080006e8   0x080006e8   0x0000006e   Code   RO         3529    .text               mf_w.l(fepilogue.o)
    0x08000756   0x08000756   0x000000ba   Code   RO         3531    .text               mf_w.l(depilogue.o)
    0x08000810   0x08000810   0x0000002e   Code   RO         3535    .text               mf_w.l(dscalb.o)
    0x0800083e   0x0800083e   0x00000030   Code   RO         3537    .text               mf_w.l(dfixul.o)
    0x0800086e   0x0800086e   0x00000002   PAD
    0x08000870   0x08000870   0x00000030   Code   RO         3541    .text               mf_w.l(cdrcmple.o)
    0x080008a0   0x080008a0   0x00000024   Code   RO         3545    .text               mc_w.l(init.o)
    0x080008c4   0x080008c4   0x000000a2   Code   RO         3547    .text               mf_w.l(dsqrt.o)
    0x08000966   0x08000966   0x00000056   Code   RO         3557    .text               mc_w.l(__dczerorl2.o)
    0x080009bc   0x080009bc   0x00000072   Code   RO          414    .text.ADC_DMAConvCplt  stm32f4xx_hal_adc.o
    0x08000a2e   0x08000a2e   0x00000002   PAD
    0x08000a30   0x08000a30   0x00000016   Code   RO          418    .text.ADC_DMAError  stm32f4xx_hal_adc.o
    0x08000a46   0x08000a46   0x00000002   PAD
    0x08000a48   0x08000a48   0x0000000a   Code   RO          416    .text.ADC_DMAHalfConvCplt  stm32f4xx_hal_adc.o
    0x08000a52   0x08000a52   0x00000002   PAD
    0x08000a54   0x08000a54   0x00000126   Code   RO          386    .text.ADC_Init      stm32f4xx_hal_adc.o
    0x08000b7a   0x08000b7a   0x00000002   PAD
    0x08000b7c   0x08000b7c   0x00000020   Code   RO          297    .text.BusFault_Handler  stm32f4xx_it.o
    0x08000b9c   0x08000b9c   0x00000004   PAD
    0x08000ba0   0x08000ba0   0x000000c0   Code   RO           84    .text.Calculate_FreqDataArray  user_app_core.o
    0x08000c60   0x08000c60   0x00000098   Code   RO           25    .text.CopyADCData_MedianFilter  user_audio_processing.o
    0x08000cf8   0x08000cf8   0x00000010   Code   RO          309    .text.DMA2_Stream0_IRQHandler  stm32f4xx_it.o
    0x08000d08   0x08000d08   0x0000003c   Code   RO          693    .text.DMA_CalcBaseAndBitshift  stm32f4xx_hal_dma.o
    0x08000d44   0x08000d44   0x00000050   Code   RO          691    .text.DMA_CheckFifoParam  stm32f4xx_hal_dma.o
    0x08000d94   0x08000d94   0x00000030   Code   RO          699    .text.DMA_SetConfig  stm32f4xx_hal_dma.o
    0x08000dc4   0x08000dc4   0x00000002   Code   RO          301    .text.DebugMon_Handler  stm32f4xx_it.o
    0x08000dc6   0x08000dc6   0x00000002   PAD
    0x08000dc8   0x08000dc8   0x00000020   Code   RO          139    .text.Error_Handler  main.o
    0x08000de8   0x08000de8   0x00000084   Code   RO           88    .text.Find_Closest_FreqDataArray_SubNum  user_app_core.o
    0x08000e6c   0x08000e6c   0x0000018c   Code   RO          428    .text.HAL_ADC_AnalogWDGConfig  stm32f4xx_hal_adc.o
    0x08000ff8   0x08000ff8   0x00000146   Code   RO          426    .text.HAL_ADC_ConfigChannel  stm32f4xx_hal_adc.o
    0x0800113e   0x0800113e   0x00000002   PAD
    0x08001140   0x08001140   0x00000042   Code   RO          171    .text.HAL_ADC_ConvCpltCallback  adc.o
    0x08001182   0x08001182   0x00000002   PAD
    0x08001184   0x08001184   0x00000042   Code   RO          169    .text.HAL_ADC_ConvHalfCpltCallback  adc.o
    0x080011c6   0x080011c6   0x00000002   PAD
    0x080011c8   0x080011c8   0x00000002   Code   RO          410    .text.HAL_ADC_ErrorCallback  stm32f4xx_hal_adc.o
    0x080011ca   0x080011ca   0x00000002   PAD
    0x080011cc   0x080011cc   0x00000202   Code   RO          382    .text.HAL_ADC_Init  stm32f4xx_hal_adc.o
    0x080013ce   0x080013ce   0x00000002   PAD
    0x080013d0   0x080013d0   0x000000ca   Code   RO          165    .text.HAL_ADC_MspInit  adc.o
    0x0800149a   0x0800149a   0x00000002   PAD
    0x0800149c   0x0800149c   0x0000013e   Code   RO          412    .text.HAL_ADC_Start_DMA  stm32f4xx_hal_adc.o
    0x080015da   0x080015da   0x00000002   PAD
    0x080015dc   0x080015dc   0x00000024   Code   RO          705    .text.HAL_DMA_Abort_IT  stm32f4xx_hal_dma.o
    0x08001600   0x08001600   0x0000018c   Code   RO          709    .text.HAL_DMA_IRQHandler  stm32f4xx_hal_dma.o
    0x0800178c   0x0800178c   0x0000032a   Code   RO          689    .text.HAL_DMA_Init  stm32f4xx_hal_dma.o
    0x08001ab6   0x08001ab6   0x00000002   PAD
    0x08001ab8   0x08001ab8   0x00000092   Code   RO          701    .text.HAL_DMA_Start_IT  stm32f4xx_hal_dma.o
    0x08001b4a   0x08001b4a   0x00000002   PAD
    0x08001b4c   0x08001b4c   0x000002c4   Code   RO          647    .text.HAL_GPIO_Init  stm32f4xx_hal_gpio.o
    0x08001e10   0x08001e10   0x00000022   Code   RO          651    .text.HAL_GPIO_ReadPin  stm32f4xx_hal_gpio.o
    0x08001e32   0x08001e32   0x00000002   PAD
    0x08001e34   0x08001e34   0x00000026   Code   RO          655    .text.HAL_GPIO_TogglePin  stm32f4xx_hal_gpio.o
    0x08001e5a   0x08001e5a   0x00000002   PAD
    0x08001e5c   0x08001e5c   0x00000042   Code   RO          653    .text.HAL_GPIO_WritePin  stm32f4xx_hal_gpio.o
    0x08001e9e   0x08001e9e   0x00000002   PAD
    0x08001ea0   0x08001ea0   0x0000000c   Code   RO          884    .text.HAL_GetTick   stm32f4xx_hal.o
    0x08001eac   0x08001eac   0x0000001a   Code   RO          882    .text.HAL_IncTick   stm32f4xx_hal.o
    0x08001ec6   0x08001ec6   0x00000002   PAD
    0x08001ec8   0x08001ec8   0x00000036   Code   RO          872    .text.HAL_Init      stm32f4xx_hal.o
    0x08001efe   0x08001efe   0x00000002   PAD
    0x08001f00   0x08001f00   0x0000008e   Code   RO          327    .text.HAL_InitTick  stm32f4xx_hal_timebase_tim.o
    0x08001f8e   0x08001f8e   0x00000002   PAD
    0x08001f90   0x08001f90   0x00000046   Code   RO          318    .text.HAL_MspInit   stm32f4xx_hal_msp.o
    0x08001fd6   0x08001fd6   0x00000002   PAD
    0x08001fd8   0x08001fd8   0x00000020   Code   RO          811    .text.HAL_NVIC_EnableIRQ  stm32f4xx_hal_cortex.o
    0x08001ff8   0x08001ff8   0x00000042   Code   RO          803    .text.HAL_NVIC_SetPriority  stm32f4xx_hal_cortex.o
    0x0800203a   0x0800203a   0x00000002   PAD
    0x0800203c   0x0800203c   0x00000020   Code   RO          799    .text.HAL_NVIC_SetPriorityGrouping  stm32f4xx_hal_cortex.o
    0x0800205c   0x0800205c   0x00000216   Code   RO          486    .text.HAL_RCC_ClockConfig  stm32f4xx_hal_rcc.o
    0x08002272   0x08002272   0x00000002   PAD
    0x08002274   0x08002274   0x0000003e   Code   RO          504    .text.HAL_RCC_GetClockConfig  stm32f4xx_hal_rcc.o
    0x080022b2   0x080022b2   0x00000002   PAD
    0x080022b4   0x080022b4   0x0000000c   Code   RO          496    .text.HAL_RCC_GetHCLKFreq  stm32f4xx_hal_rcc.o
    0x080022c0   0x080022c0   0x00000022   Code   RO          498    .text.HAL_RCC_GetPCLK1Freq  stm32f4xx_hal_rcc.o
    0x080022e2   0x080022e2   0x00000002   PAD
    0x080022e4   0x080022e4   0x00000022   Code   RO          500    .text.HAL_RCC_GetPCLK2Freq  stm32f4xx_hal_rcc.o
    0x08002306   0x08002306   0x00000002   PAD
    0x08002308   0x08002308   0x0000006a   Code   RO          488    .text.HAL_RCC_GetSysClockFreq  stm32f4xx_hal_rcc.o
    0x08002372   0x08002372   0x00000002   PAD
    0x08002374   0x08002374   0x0000045a   Code   RO          529    .text.HAL_RCC_OscConfig  stm32f4xx_hal_rcc_ex.o
    0x080027ce   0x080027ce   0x00000002   PAD
    0x080027d0   0x080027d0   0x00000002   Code   RO         1275    .text.HAL_TIMEx_BreakCallback  stm32f4xx_hal_tim_ex.o
    0x080027d2   0x080027d2   0x00000002   PAD
    0x080027d4   0x080027d4   0x00000002   Code   RO         1271    .text.HAL_TIMEx_CommutCallback  stm32f4xx_hal_tim_ex.o
    0x080027d6   0x080027d6   0x00000002   PAD
    0x080027d8   0x080027d8   0x000000c8   Code   RO         1265    .text.HAL_TIMEx_MasterConfigSynchronization  stm32f4xx_hal_tim_ex.o
    0x080028a0   0x080028a0   0x000000f8   Code   RO          964    .text.HAL_TIM_Base_Init  stm32f4xx_hal_tim.o
    0x08002998   0x08002998   0x00000072   Code   RO          262    .text.HAL_TIM_Base_MspInit  tim.o
    0x08002a0a   0x08002a0a   0x00000002   PAD
    0x08002a0c   0x08002a0c   0x0000007e   Code   RO          978    .text.HAL_TIM_Base_Start_IT  stm32f4xx_hal_tim.o
    0x08002a8a   0x08002a8a   0x00000002   PAD
    0x08002a8c   0x08002a8c   0x0000041a   Code   RO         1152    .text.HAL_TIM_ConfigClockSource  stm32f4xx_hal_tim.o
    0x08002ea6   0x08002ea6   0x00000002   PAD
    0x08002ea8   0x08002ea8   0x00000002   Code   RO         1100    .text.HAL_TIM_IC_CaptureCallback  stm32f4xx_hal_tim.o
    0x08002eaa   0x08002eaa   0x00000002   PAD
    0x08002eac   0x08002eac   0x0000016a   Code   RO         1098    .text.HAL_TIM_IRQHandler  stm32f4xx_hal_tim.o
    0x08003016   0x08003016   0x00000002   PAD
    0x08003018   0x08003018   0x0000018a   Code   RO         1110    .text.HAL_TIM_OC_ConfigChannel  stm32f4xx_hal_tim.o
    0x080031a2   0x080031a2   0x00000002   PAD
    0x080031a4   0x080031a4   0x00000002   Code   RO         1102    .text.HAL_TIM_OC_DelayElapsedCallback  stm32f4xx_hal_tim.o
    0x080031a6   0x080031a6   0x00000002   PAD
    0x080031a8   0x080031a8   0x000000f8   Code   RO          992    .text.HAL_TIM_OC_Init  stm32f4xx_hal_tim.o
    0x080032a0   0x080032a0   0x00000002   Code   RO          994    .text.HAL_TIM_OC_MspInit  stm32f4xx_hal_tim.o
    0x080032a2   0x080032a2   0x00000002   PAD
    0x080032a4   0x080032a4   0x000000c0   Code   RO         1006    .text.HAL_TIM_OC_Start_IT  stm32f4xx_hal_tim.o
    0x08003364   0x08003364   0x00000002   Code   RO         1104    .text.HAL_TIM_PWM_PulseFinishedCallback  stm32f4xx_hal_tim.o
    0x08003366   0x08003366   0x00000002   PAD
    0x08003368   0x08003368   0x00000016   Code   RO          141    .text.HAL_TIM_PeriodElapsedCallback  main.o
    0x0800337e   0x0800337e   0x00000002   PAD
    0x08003380   0x08003380   0x00000002   Code   RO         1108    .text.HAL_TIM_TriggerCallback  stm32f4xx_hal_tim.o
    0x08003382   0x08003382   0x00000002   PAD
    0x08003384   0x08003384   0x00000002   Code   RO         1370    .text.HAL_UART_ErrorCallback  stm32f4xx_hal_uart.o
    0x08003386   0x08003386   0x00000002   PAD
    0x08003388   0x08003388   0x00000114   Code   RO         1364    .text.HAL_UART_IRQHandler  stm32f4xx_hal_uart.o
    0x0800349c   0x0800349c   0x0000011c   Code   RO         1288    .text.HAL_UART_Init  stm32f4xx_hal_uart.o
    0x080035b8   0x080035b8   0x00000082   Code   RO          278    .text.HAL_UART_MspInit  usart.o
    0x0800363a   0x0800363a   0x00000002   PAD
    0x0800363c   0x0800363c   0x00000002   Code   RO         1380    .text.HAL_UART_RxCpltCallback  stm32f4xx_hal_uart.o
    0x0800363e   0x0800363e   0x00000002   PAD
    0x08003640   0x08003640   0x00000002   Code   RO         1376    .text.HAL_UART_TxCpltCallback  stm32f4xx_hal_uart.o
    0x08003642   0x08003642   0x00000002   PAD
    0x08003644   0x08003644   0x00000020   Code   RO          293    .text.HardFault_Handler  stm32f4xx_it.o
    0x08003664   0x08003664   0x0000002c   Code   RO           15    .text.ITM_SendChar  debug_printf.o
    0x08003690   0x08003690   0x000000b8   Code   RO          163    .text.MX_ADC1_Init  adc.o
    0x08003748   0x08003748   0x00000036   Code   RO          184    .text.MX_DMA_Init   dma.o
    0x0800377e   0x0800377e   0x00000002   PAD
    0x08003780   0x08003780   0x0000019e   Code   RO          201    .text.MX_FREERTOS_Init  freertos.o
    0x0800391e   0x0800391e   0x00000002   PAD
    0x08003920   0x08003920   0x00000184   Code   RO          154    .text.MX_GPIO_Init  gpio.o
    0x08003aa4   0x08003aa4   0x00000034   Code   RO          260    .text.MX_TIM11_Init  tim.o
    0x08003ad8   0x08003ad8   0x000000c6   Code   RO          258    .text.MX_TIM5_Init  tim.o
    0x08003b9e   0x08003b9e   0x00000002   PAD
    0x08003ba0   0x08003ba0   0x00000038   Code   RO          276    .text.MX_USART2_UART_Init  usart.o
    0x08003bd8   0x08003bd8   0x00000020   Code   RO          295    .text.MemManage_Handler  stm32f4xx_it.o
    0x08003bf8   0x08003bf8   0x00000014   Code   RO          103    .text.MultiButton_Read_Button_1  bsp_ui.o
    0x08003c0c   0x08003c0c   0x00000012   Code   RO          105    .text.MultiButton_Read_Button_2  bsp_ui.o
    0x08003c1e   0x08003c1e   0x00000002   PAD
    0x08003c20   0x08003c20   0x00000014   Code   RO          107    .text.MultiButton_Read_Button_3  bsp_ui.o
    0x08003c34   0x08003c34   0x00000012   Code   RO          109    .text.MultiButton_Read_Button_4  bsp_ui.o
    0x08003c46   0x08003c46   0x00000002   PAD
    0x08003c48   0x08003c48   0x00000002   Code   RO          291    .text.NMI_Handler   stm32f4xx_it.o
    0x08003c4a   0x08003c4a   0x00000002   PAD
    0x08003c4c   0x08003c4c   0x0000002c   Code   RO          809    .text.NVIC_EncodePriority  stm32f4xx_hal_cortex.o
    0x08003c78   0x08003c78   0x00000008   PAD
    0x08003c80   0x08003c80   0x00000064   Code   RO         1925    .text.PendSV_Handler  port.o
    0x08003ce4   0x08003ce4   0x0000000c   PAD
    0x08003cf0   0x08003cf0   0x00000024   Code   RO         1909    .text.SVC_Handler   port.o
    0x08003d14   0x08003d14   0x00000010   Code   RO           11    .text.StartTaskRunTimeStats  debug_printf.o
    0x08003d24   0x08003d24   0x0000007c   Code   RO          205    .text.StartTask_AudioPreProcessing  freertos.o
    0x08003da0   0x08003da0   0x00000184   Code   RO          207    .text.StartTask_AudioProcessing  freertos.o
    0x08003f24   0x08003f24   0x0000000a   Code   RO          215    .text.StartTask_Core  freertos.o
    0x08003f2e   0x08003f2e   0x00000002   PAD
    0x08003f30   0x08003f30   0x00000104   Code   RO          203    .text.StartTask_Debug  freertos.o
    0x08004034   0x08004034   0x0000000a   Code   RO          213    .text.StartTask_GUI  freertos.o
    0x0800403e   0x0800403e   0x00000002   PAD
    0x08004040   0x08004040   0x000000ec   Code   RO          209    .text.StartTask_Moter  freertos.o
    0x0800412c   0x0800412c   0x0000000c   Code   RO          211    .text.StartTask_UI  freertos.o
    0x08004138   0x08004138   0x0000002e   Code   RO         1927    .text.SysTick_Handler  port.o
    0x08004166   0x08004166   0x00000002   PAD
    0x08004168   0x08004168   0x000000a6   Code   RO          137    .text.SystemClock_Config  main.o
    0x0800420e   0x0800420e   0x00000002   PAD
    0x08004210   0x08004210   0x00000056   Code   RO         1407    .text.SystemInit    system_stm32f4xx.o
    0x08004266   0x08004266   0x00000002   PAD
    0x08004268   0x08004268   0x00000026   Code   RO          303    .text.TIM1_TRG_COM_TIM11_IRQHandler  stm32f4xx_it.o
    0x0800428e   0x0800428e   0x00000002   PAD
    0x08004290   0x08004290   0x00000010   Code   RO          307    .text.TIM6_DAC_IRQHandler  stm32f4xx_it.o
    0x080042a0   0x080042a0   0x00000080   Code   RO          968    .text.TIM_Base_SetConfig  stm32f4xx_hal_tim.o
    0x08004320   0x08004320   0x00000092   Code   RO         1002    .text.TIM_CCxChannelCmd  stm32f4xx_hal_tim.o
    0x080043b2   0x080043b2   0x00000002   PAD
    0x080043b4   0x080043b4   0x00000016   Code   RO         1150    .text.TIM_ETR_SetConfig  stm32f4xx_hal_tim.o
    0x080043ca   0x080043ca   0x00000002   PAD
    0x080043cc   0x080043cc   0x00000010   Code   RO         1156    .text.TIM_ITRx_SetConfig  stm32f4xx_hal_tim.o
    0x080043dc   0x080043dc   0x000000c4   Code   RO         1112    .text.TIM_OC1_SetConfig  stm32f4xx_hal_tim.o
    0x080044a0   0x080044a0   0x000000ca   Code   RO         1114    .text.TIM_OC2_SetConfig  stm32f4xx_hal_tim.o
    0x0800456a   0x0800456a   0x00000002   PAD
    0x0800456c   0x0800456c   0x000000ca   Code   RO         1116    .text.TIM_OC3_SetConfig  stm32f4xx_hal_tim.o
    0x08004636   0x08004636   0x00000002   PAD
    0x08004638   0x08004638   0x0000006a   Code   RO         1118    .text.TIM_OC4_SetConfig  stm32f4xx_hal_tim.o
    0x080046a2   0x080046a2   0x00000002   PAD
    0x080046a4   0x080046a4   0x00000022   Code   RO         1154    .text.TIM_TI1_ConfigInputStage  stm32f4xx_hal_tim.o
    0x080046c6   0x080046c6   0x00000002   PAD
    0x080046c8   0x080046c8   0x00000024   Code   RO         1158    .text.TIM_TI2_ConfigInputStage  stm32f4xx_hal_tim.o
    0x080046ec   0x080046ec   0x00000010   Code   RO         1368    .text.UART_DMAAbortOnError  stm32f4xx_hal_uart.o
    0x080046fc   0x080046fc   0x0000001a   Code   RO         1336    .text.UART_EndRxTransfer  stm32f4xx_hal_uart.o
    0x08004716   0x08004716   0x00000002   PAD
    0x08004718   0x08004718   0x00000018   Code   RO         1374    .text.UART_EndTransmit_IT  stm32f4xx_hal_uart.o
    0x08004730   0x08004730   0x0000007c   Code   RO         1366    .text.UART_Receive_IT  stm32f4xx_hal_uart.o
    0x080047ac   0x080047ac   0x000001e8   Code   RO         1292    .text.UART_SetConfig  stm32f4xx_hal_uart.o
    0x08004994   0x08004994   0x00000058   Code   RO         1372    .text.UART_Transmit_IT  stm32f4xx_hal_uart.o
    0x080049ec   0x080049ec   0x00000010   Code   RO          305    .text.USART2_IRQHandler  stm32f4xx_it.o
    0x080049fc   0x080049fc   0x00000058   Code   RO           82    .text.USER_App_Core_Init  user_app_core.o
    0x08004a54   0x08004a54   0x000000d0   Code   RO          101    .text.USER_BSP_Button_Init  bsp_ui.o
    0x08004b24   0x08004b24   0x00000008   Code   RO          121    .text.USER_BSP_UI_ButtonScan  bsp_ui.o
    0x08004b2c   0x08004b2c   0x00000020   Code   RO          299    .text.UsageFault_Handler  stm32f4xx_it.o
    0x08004b4c   0x08004b4c   0x000000be   Code   RO          346    .text.Yin_absoluteThreshold  yin.o
    0x08004c0a   0x08004c0a   0x00000002   PAD
    0x08004c0c   0x08004c0c   0x00000050   Code   RO          344    .text.Yin_cumulativeMeanNormalizedDifference  yin.o
    0x08004c5c   0x08004c5c   0x0000006e   Code   RO          342    .text.Yin_difference  yin.o
    0x08004cca   0x08004cca   0x00000002   PAD
    0x08004ccc   0x08004ccc   0x00000022   Code   RO          356    .text.Yin_freeBuffer_RTOS  yin.o
    0x08004cee   0x08004cee   0x00000002   PAD
    0x08004cf0   0x08004cf0   0x00000034   Code   RO          352    .text.Yin_getPitch  yin.o
    0x08004d24   0x08004d24   0x00000042   Code   RO          350    .text.Yin_init      yin.o
    0x08004d66   0x08004d66   0x00000002   PAD
    0x08004d68   0x08004d68   0x000000c6   Code   RO          348    .text.Yin_parabolicInterpolation  yin.o
    0x08004e2e   0x08004e2e   0x00000002   PAD
    0x08004e30   0x08004e30   0x00000020   Code   RO          813    .text.__NVIC_EnableIRQ  stm32f4xx_hal_cortex.o
    0x08004e50   0x08004e50   0x00000010   Code   RO          805    .text.__NVIC_GetPriorityGrouping  stm32f4xx_hal_cortex.o
    0x08004e60   0x08004e60   0x00000022   Code   RO          807    .text.__NVIC_SetPriority  stm32f4xx_hal_cortex.o
    0x08004e82   0x08004e82   0x00000002   PAD
    0x08004e84   0x08004e84   0x00000020   Code   RO          801    .text.__NVIC_SetPriorityGrouping  stm32f4xx_hal_cortex.o
    0x08004ea4   0x08004ea4   0x0000003a   Code   RO         2310    .text.arm_pid_init_f32  controllerfunctions.o
    0x08004ede   0x08004ede   0x00000002   PAD
    0x08004ee0   0x08004ee0   0x0000003c   Code   RO          143    .text.assert_failed  main.o
    0x08004f1c   0x08004f1c   0x00000024   Code   RO          119    .text.button_1_LONG_RRESS_START_Handler  bsp_ui.o
    0x08004f40   0x08004f40   0x00000024   Code   RO          111    .text.button_1_SINGLE_CLICK_Handler  bsp_ui.o
    0x08004f64   0x08004f64   0x00000034   Code   RO          113    .text.button_2_SINGLE_CLICK_Handler  bsp_ui.o
    0x08004f98   0x08004f98   0x00000024   Code   RO          115    .text.button_3_SINGLE_CLICK_Handler  bsp_ui.o
    0x08004fbc   0x08004fbc   0x00000024   Code   RO          117    .text.button_4_SINGLE_CLICK_Handler  bsp_ui.o
    0x08004fe0   0x08004fe0   0x00000008   Code   RO         1944    .text.button_attach  multi_button.o
    0x08004fe8   0x08004fe8   0x000001ba   Code   RO         1948    .text.button_handler  multi_button.o
    0x080051a2   0x080051a2   0x00000002   PAD
    0x080051a4   0x080051a4   0x00000034   Code   RO         1942    .text.button_init   multi_button.o
    0x080051d8   0x080051d8   0x00000026   Code   RO         1950    .text.button_start  multi_button.o
    0x080051fe   0x080051fe   0x00000002   PAD
    0x08005200   0x08005200   0x00000022   Code   RO         1954    .text.button_ticks  multi_button.o
    0x08005222   0x08005222   0x00000002   PAD
    0x08005224   0x08005224   0x00000002   Code   RO          193    .text.configureTimerForRunTimeStats  freertos.o
    0x08005226   0x08005226   0x00000002   PAD
    0x08005228   0x08005228   0x00000088   Code   RO         1624    .text.eTaskGetState  tasks.o
    0x080052b0   0x080052b0   0x0000000c   Code   RO           13    .text.fputc         debug_printf.o
    0x080052bc   0x080052bc   0x0000000c   Code   RO          195    .text.getRunTimeCounterValue  freertos.o
    0x080052c8   0x080052c8   0x00000062   Code   RO          135    .text.main          main.o
    0x0800532a   0x0800532a   0x00000002   PAD
    0x0800532c   0x0800532c   0x0000000c   Code   RO         1763    .text.makeFreeRtosPriority  cmsis_os.o
    0x08005338   0x08005338   0x0000002c   Code   RO           27    .text.middle_of_3   user_audio_processing.o
    0x08005364   0x08005364   0x00000010   Code   RO         1777    .text.osDelay       cmsis_os.o
    0x08005374   0x08005374   0x0000000a   Code   RO         1753    .text.osKernelStart  cmsis_os.o
    0x0800537e   0x0800537e   0x00000002   PAD
    0x08005380   0x08005380   0x00000032   Code   RO         1815    .text.osMessageCreate  cmsis_os.o
    0x080053b2   0x080053b2   0x00000002   PAD
    0x080053b4   0x080053b4   0x0000006e   Code   RO         1761    .text.osThreadCreate  cmsis_os.o
    0x08005422   0x08005422   0x00000002   PAD
    0x08005424   0x08005424   0x000000a2   Code   RO         1620    .text.prvAddCurrentTaskToDelayedList  tasks.o
    0x080054c6   0x080054c6   0x00000002   PAD
    0x080054c8   0x080054c8   0x000000ae   Code   RO         1612    .text.prvAddNewTaskToReadyList  tasks.o
    0x08005576   0x08005576   0x00000002   PAD
    0x08005578   0x08005578   0x00000026   Code   RO         1503    .text.prvCopyDataFromQueue  queue.o
    0x0800559e   0x0800559e   0x00000002   PAD
    0x080055a0   0x080055a0   0x0000007a   Code   RO         1491    .text.prvCopyDataToQueue  queue.o
    0x0800561a   0x0800561a   0x00000002   PAD
    0x0800561c   0x0800561c   0x00000076   Code   RO         1879    .text.prvHeapInit   heap_4.o
    0x08005692   0x08005692   0x00000002   PAD
    0x08005694   0x08005694   0x00000002   Code   RO         1646    .text.prvIdleTask   tasks.o
    0x08005696   0x08005696   0x00000002   PAD
    0x08005698   0x08005698   0x00000020   Code   RO         1479    .text.prvInitialiseNewQueue  queue.o
    0x080056b8   0x080056b8   0x0000009a   Code   RO         1610    .text.prvInitialiseNewTask  tasks.o
    0x08005752   0x08005752   0x00000002   PAD
    0x08005754   0x08005754   0x00000062   Code   RO         1722    .text.prvInitialiseTaskLists  tasks.o
    0x080057b6   0x080057b6   0x00000002   PAD
    0x080057b8   0x080057b8   0x00000062   Code   RO         1881    .text.prvInsertBlockIntoFreeList  heap_4.o
    0x0800581a   0x0800581a   0x00000002   PAD
    0x0800581c   0x0800581c   0x00000018   Code   RO         1505    .text.prvIsQueueEmpty  queue.o
    0x08005834   0x08005834   0x0000001c   Code   RO         1493    .text.prvIsQueueFull  queue.o
    0x08005850   0x08005850   0x00000064   Code   RO         1662    .text.prvListTasksWithinSingleList  tasks.o
    0x080058b4   0x080058b4   0x00000028   Code   RO         1917    .text.prvPortStartFirstTask  port.o
    0x080058dc   0x080058dc   0x00000028   Code   RO         1634    .text.prvResetNextTaskUnblockTime  tasks.o
    0x08005904   0x08005904   0x00000020   Code   RO         1686    .text.prvTaskCheckFreeStackSpace  tasks.o
    0x08005924   0x08005924   0x00000032   Code   RO         1907    .text.prvTaskExitError  port.o
    0x08005956   0x08005956   0x00000002   PAD
    0x08005958   0x08005958   0x00000072   Code   RO         1495    .text.prvUnlockQueue  queue.o
    0x080059ca   0x080059ca   0x00000002   PAD
    0x080059cc   0x080059cc   0x00000030   Code   RO         1702    .text.prvWriteNameToBuffer  tasks.o
    0x080059fc   0x080059fc   0x0000012a   Code   RO         1877    .text.pvPortMalloc  heap_4.o
    0x08005b26   0x08005b26   0x00000002   PAD
    0x08005b28   0x08005b28   0x00000028   Code   RO         1905    .text.pxPortInitialiseStack  port.o
    0x08005b50   0x08005b50   0x00000028   Code   RO         1465    .text.uxListRemove  list.o
    0x08005b78   0x08005b78   0x000000ac   Code   RO         1660    .text.uxTaskGetSystemState  tasks.o
    0x08005c24   0x08005c24   0x0000001a   Code   RO          199    .text.vApplicationGetIdleTaskMemory  freertos.o
    0x08005c3e   0x08005c3e   0x00000002   PAD
    0x08005c40   0x08005c40   0x0000001c   Code   RO          197    .text.vApplicationStackOverflowHook  freertos.o
    0x08005c5c   0x08005c5c   0x00000016   Code   RO         1457    .text.vListInitialise  list.o
    0x08005c72   0x08005c72   0x00000002   PAD
    0x08005c74   0x08005c74   0x00000006   Code   RO         1459    .text.vListInitialiseItem  list.o
    0x08005c7a   0x08005c7a   0x00000002   PAD
    0x08005c7c   0x08005c7c   0x0000003a   Code   RO         1463    .text.vListInsert   list.o
    0x08005cb6   0x08005cb6   0x00000002   PAD
    0x08005cb8   0x08005cb8   0x0000001c   Code   RO         1461    .text.vListInsertEnd  list.o
    0x08005cd4   0x08005cd4   0x00000014   Code   RO         1915    .text.vPortEnableVFP  port.o
    0x08005ce8   0x08005ce8   0x00000046   Code   RO         1921    .text.vPortEnterCritical  port.o
    0x08005d2e   0x08005d2e   0x00000002   PAD
    0x08005d30   0x08005d30   0x0000002e   Code   RO         1923    .text.vPortExitCritical  port.o
    0x08005d5e   0x08005d5e   0x00000002   PAD
    0x08005d60   0x08005d60   0x0000007c   Code   RO         1883    .text.vPortFree     heap_4.o
    0x08005ddc   0x08005ddc   0x00000034   Code   RO         1913    .text.vPortSetupTimerInterrupt  port.o
    0x08005e10   0x08005e10   0x00000062   Code   RO         1929    .text.vPortValidateInterruptPriority  port.o
    0x08005e72   0x08005e72   0x00000002   PAD
    0x08005e74   0x08005e74   0x00000054   Code   RO         1616    .text.vTaskDelay    tasks.o
    0x08005ec8   0x08005ec8   0x0000007e   Code   RO         1684    .text.vTaskGetInfo  tasks.o
    0x08005f46   0x08005f46   0x00000002   PAD
    0x08005f48   0x08005f48   0x000000bc   Code   RO         1704    .text.vTaskGetRunTimeStats  tasks.o
    0x08006004   0x08006004   0x0000001a   Code   RO         1674    .text.vTaskInternalSetTimeOutState  tasks.o
    0x0800601e   0x0800601e   0x00000002   PAD
    0x08006020   0x08006020   0x000000b0   Code   RO         1700    .text.vTaskList     tasks.o
    0x080060d0   0x080060d0   0x0000000e   Code   RO         1678    .text.vTaskMissedYield  tasks.o
    0x080060de   0x080060de   0x00000002   PAD
    0x080060e0   0x080060e0   0x00000032   Code   RO         1664    .text.vTaskPlaceOnEventList  tasks.o
    0x08006112   0x08006112   0x00000002   PAD
    0x08006114   0x08006114   0x00000084   Code   RO         1644    .text.vTaskStartScheduler  tasks.o
    0x08006198   0x08006198   0x00000010   Code   RO         1618    .text.vTaskSuspendAll  tasks.o
    0x080061a8   0x080061a8   0x000000d2   Code   RO         1636    .text.vTaskSwitchContext  tasks.o
    0x0800627a   0x0800627a   0x00000002   PAD
    0x0800627c   0x0800627c   0x0000000c   Code   RO         1885    .text.xPortGetFreeHeapSize  heap_4.o
    0x08006288   0x08006288   0x0000000c   Code   RO         1887    .text.xPortGetMinimumEverFreeHeapSize  heap_4.o
    0x08006294   0x08006294   0x00000116   Code   RO         1911    .text.xPortStartScheduler  port.o
    0x080063aa   0x080063aa   0x00000002   PAD
    0x080063ac   0x080063ac   0x0000004e   Code   RO         1481    .text.xQueueGenericCreate  queue.o
    0x080063fa   0x080063fa   0x00000002   PAD
    0x080063fc   0x080063fc   0x00000096   Code   RO         1477    .text.xQueueGenericCreateStatic  queue.o
    0x08006492   0x08006492   0x00000002   PAD
    0x08006494   0x08006494   0x0000007e   Code   RO         1475    .text.xQueueGenericReset  queue.o
    0x08006512   0x08006512   0x00000002   PAD
    0x08006514   0x08006514   0x000001a2   Code   RO         1489    .text.xQueueGenericSend  queue.o
    0x080066b6   0x080066b6   0x00000002   PAD
    0x080066b8   0x080066b8   0x00000180   Code   RO         1501    .text.xQueueReceive  queue.o
    0x08006838   0x08006838   0x00000088   Code   RO         1676    .text.xTaskCheckForTimeOut  tasks.o
    0x080068c0   0x080068c0   0x00000066   Code   RO         1614    .text.xTaskCreate   tasks.o
    0x08006926   0x08006926   0x00000002   PAD
    0x08006928   0x08006928   0x00000076   Code   RO         1608    .text.xTaskCreateStatic  tasks.o
    0x0800699e   0x0800699e   0x00000002   PAD
    0x080069a0   0x080069a0   0x000000fc   Code   RO         1714    .text.xTaskGenericNotify  tasks.o
    0x08006a9c   0x08006a9c   0x0000012c   Code   RO         1716    .text.xTaskGenericNotifyFromISR  tasks.o
    0x08006bc8   0x08006bc8   0x00000026   Code   RO         1692    .text.xTaskGetSchedulerState  tasks.o
    0x08006bee   0x08006bee   0x00000002   PAD
    0x08006bf0   0x08006bf0   0x0000000c   Code   RO         1652    .text.xTaskGetTickCount  tasks.o
    0x08006bfc   0x08006bfc   0x00000164   Code   RO         1650    .text.xTaskIncrementTick  tasks.o
    0x08006d60   0x08006d60   0x00000090   Code   RO         1712    .text.xTaskNotifyWait  tasks.o
    0x08006df0   0x08006df0   0x000000b2   Code   RO         1696    .text.xTaskPriorityDisinherit  tasks.o
    0x08006ea2   0x08006ea2   0x00000002   PAD
    0x08006ea4   0x08006ea4   0x00000090   Code   RO         1668    .text.xTaskRemoveFromEventList  tasks.o
    0x08006f34   0x08006f34   0x00000118   Code   RO         1622    .text.xTaskResumeAll  tasks.o
    0x0800704c   0x0800704c   0x00000020   Code   RO         3399    i.__0printf         mc_w.l(printfa.o)
    0x0800706c   0x0800706c   0x00000028   Code   RO         3401    i.__0sprintf        mc_w.l(printfa.o)
    0x08007094   0x08007094   0x00000030   Code   RO         3465    i.__ARM_fpclassify  m_wm.l(fpclassify.o)
    0x080070c4   0x080070c4   0x00000004   PAD
    0x080070c8   0x080070c8   0x00000c50   Code   RO         3093    i.__hardfp_pow      m_wm.l(pow.o)
    0x08007d18   0x08007d18   0x000000f8   Code   RO         3483    i.__kernel_poly     m_wm.l(poly.o)
    0x08007e10   0x08007e10   0x00000030   Code   RO         3445    i.__mathlib_dbl_divzero  m_wm.l(dunder.o)
    0x08007e40   0x08007e40   0x00000014   Code   RO         3447    i.__mathlib_dbl_infnan2  m_wm.l(dunder.o)
    0x08007e54   0x08007e54   0x00000004   PAD
    0x08007e58   0x08007e58   0x00000020   Code   RO         3448    i.__mathlib_dbl_invalid  m_wm.l(dunder.o)
    0x08007e78   0x08007e78   0x00000020   Code   RO         3449    i.__mathlib_dbl_overflow  m_wm.l(dunder.o)
    0x08007e98   0x08007e98   0x00000020   Code   RO         3451    i.__mathlib_dbl_underflow  m_wm.l(dunder.o)
    0x08007eb8   0x08007eb8   0x0000000e   Code   RO         3551    i.__scatterload_copy  mc_w.l(handlers.o)
    0x08007ec6   0x08007ec6   0x00000002   Code   RO         3552    i.__scatterload_null  mc_w.l(handlers.o)
    0x08007ec8   0x08007ec8   0x0000000e   Code   RO         3553    i.__scatterload_zeroinit  mc_w.l(handlers.o)
    0x08007ed6   0x08007ed6   0x00000002   PAD
    0x08007ed8   0x08007ed8   0x0000000c   Code   RO         3523    i.__set_errno       mc_w.l(errno.o)
    0x08007ee4   0x08007ee4   0x00000184   Code   RO         3406    i._fp_digits        mc_w.l(printfa.o)
    0x08008068   0x08008068   0x000006dc   Code   RO         3407    i._printf_core      mc_w.l(printfa.o)
    0x08008744   0x08008744   0x00000024   Code   RO         3408    i._printf_post_padding  mc_w.l(printfa.o)
    0x08008768   0x08008768   0x0000002e   Code   RO         3409    i._printf_pre_padding  mc_w.l(printfa.o)
    0x08008796   0x08008796   0x0000000a   Code   RO         3411    i._sputc            mc_w.l(printfa.o)
    0x080087a0   0x080087a0   0x00000018   Code   RO         3461    i.fabs              m_wm.l(fabs.o)
    0x080087b8   0x080087b8   0x00000024   Code   RO         3148    i.puts              mc_w.l(puts.o)
    0x080087dc   0x080087dc   0x0000006e   Code   RO         3488    i.sqrt              m_wm.l(sqrt.o)
    0x0800884a   0x0800884a   0x00000006   PAD
    0x08008850   0x08008850   0x00000088   Data   RO         3096    .constdata          m_wm.l(pow.o)
    0x080088d8   0x080088d8   0x00000008   Data   RO         3485    .constdata          m_wm.l(qnan.o)
    0x080088e0   0x080088e0   0x00000010   Data   RO          223    .rodata..L__const.MX_FREERTOS_Init.os_messageQ_def_Queue_F0  freertos.o
    0x080088f0   0x080088f0   0x0000001c   Data   RO          228    .rodata..L__const.MX_FREERTOS_Init.os_thread_def_osTask_AudioP1  freertos.o
    0x0800890c   0x0800890c   0x0000001c   Data   RO          230    .rodata..L__const.MX_FREERTOS_Init.os_thread_def_osTask_AudioP2  freertos.o
    0x08008928   0x08008928   0x0000001c   Data   RO          238    .rodata..L__const.MX_FREERTOS_Init.os_thread_def_osTask_Core  freertos.o
    0x08008944   0x08008944   0x0000001c   Data   RO          226    .rodata..L__const.MX_FREERTOS_Init.os_thread_def_osTask_Debug  freertos.o
    0x08008960   0x08008960   0x0000001c   Data   RO          236    .rodata..L__const.MX_FREERTOS_Init.os_thread_def_osTask_GUI  freertos.o
    0x0800897c   0x0800897c   0x0000001c   Data   RO          232    .rodata..L__const.MX_FREERTOS_Init.os_thread_def_osTask_Moter  freertos.o
    0x08008998   0x08008998   0x0000001c   Data   RO          234    .rodata..L__const.MX_FREERTOS_Init.os_thread_def_osTask_UI  freertos.o
    0x080089b4   0x080089b4   0x00000010   Data   RO         1412    .rodata.AHBPrescTable  system_stm32f4xx.o
    0x080089c4   0x080089c4   0x00000008   Data   RO         1413    .rodata.APBPrescTable  system_stm32f4xx.o
    0x080089cc   0x080089cc   0x00000104   Data   RO           76    .rodata.MusicalInstrumentData  user_database.o
    0x08008ad0   0x08008ad0   0x0000001c   Data   RO           62    .rodata.guitar_railsback_freq_data  user_database.o
    0x08008aec   0x08008aec   0x000001a0   Data   RO           57    .rodata.str1.1      user_database.o
    0x08008c8c   0x08008c8c   0x000000b7   Data   RO          225    .rodata.str1.1      freertos.o
    0x08008d43   0x08008d43   0x00000038   Data   RO          434    .rodata.str1.1      stm32f4xx_hal_adc.o
    0x08008d7b   0x08008d7b   0x00000038   Data   RO          510    .rodata.str1.1      stm32f4xx_hal_rcc.o
    0x08008db3   0x08008db3   0x0000003b   Data   RO          533    .rodata.str1.1      stm32f4xx_hal_rcc_ex.o
    0x08008dee   0x08008dee   0x00000039   Data   RO          663    .rodata.str1.1      stm32f4xx_hal_gpio.o
    0x08008e27   0x08008e27   0x00000038   Data   RO          719    .rodata.str1.1      stm32f4xx_hal_dma.o
    0x08008e5f   0x08008e5f   0x0000003b   Data   RO          863    .rodata.str1.1      stm32f4xx_hal_cortex.o
    0x08008e9a   0x08008e9a   0x00000038   Data   RO         1192    .rodata.str1.1      stm32f4xx_hal_tim.o
    0x08008ed2   0x08008ed2   0x0000003b   Data   RO         1279    .rodata.str1.1      stm32f4xx_hal_tim_ex.o
    0x08008f0d   0x08008f0d   0x00000039   Data   RO         1398    .rodata.str1.1      stm32f4xx_hal_uart.o
    0x08008f46   0x08008f46   0x00000007   Data   RO           69    .rodata.string_name_guitar_DADGAD  user_database.o
    0x08008f4d   0x08008f4d   0x00000007   Data   RO           68    .rodata.string_name_guitar_DropA  user_database.o
    0x08008f54   0x08008f54   0x00000007   Data   RO           67    .rodata.string_name_guitar_DropB  user_database.o
    0x08008f5b   0x08008f5b   0x00000007   Data   RO           66    .rodata.string_name_guitar_DropC  user_database.o
    0x08008f62   0x08008f62   0x00000007   Data   RO           65    .rodata.string_name_guitar_DropCs  user_database.o
    0x08008f69   0x08008f69   0x00000007   Data   RO           64    .rodata.string_name_guitar_DropD  user_database.o
    0x08008f70   0x08008f70   0x00000007   Data   RO           71    .rodata.string_name_guitar_FullStepDown  user_database.o
    0x08008f77   0x08008f77   0x00000007   Data   RO           70    .rodata.string_name_guitar_HalfStepDown  user_database.o
    0x08008f7e   0x08008f7e   0x00000007   Data   RO           72    .rodata.string_name_guitar_OpenC  user_database.o
    0x08008f85   0x08008f85   0x00000007   Data   RO           73    .rodata.string_name_guitar_OpenD  user_database.o
    0x08008f8c   0x08008f8c   0x00000007   Data   RO           74    .rodata.string_name_guitar_OpenE  user_database.o
    0x08008f93   0x08008f93   0x00000007   Data   RO           75    .rodata.string_name_guitar_OpenG  user_database.o
    0x08008f9a   0x08008f9a   0x00000007   Data   RO           63    .rodata.string_name_guitar_StdE  user_database.o
    0x08008fa1   0x08008fa1   0x00000003   PAD
    0x08008fa4   0x08008fa4   0x00000020   Data   RO         3550    Region$$Table       anon$$obj.o


    Execution Region RW_IRAM1 (Exec base: 0x20000000, Load base: 0x08008fc8, Size: 0x00006588, Max: 0x00008000, ABSOLUTE, COMPRESSED[0x00000120])

    Exec Addr    Load Addr    Size         Type   Attr      Idx    E Section Name        Object

    0x20000000   COMPRESSED   0x00000004   Data   RW         3512    .data               mc_w.l(stdout.o)
    0x20000004   COMPRESSED   0x00000004   Data   RW         3524    .data               mc_w.l(errno.o)
    0x20000008   COMPRESSED   0x00000004   Data   RW          244    .data.StartTask_AudioProcessing.f0_last  freertos.o
    0x2000000c   COMPRESSED   0x00000004   Data   RW         1411    .data.SystemCoreClock  system_stm32f4xx.o
    0x20000010   COMPRESSED   0x00000164   Data   RW           58    .data.all_string_name  user_database.o
    0x20000174   COMPRESSED   0x00000004   Data   RW          217    .data.f0_target     freertos.o
    0x20000178   COMPRESSED   0x00000001   Data   RW          927    .data.uwTickFreq    stm32f4xx_hal.o
    0x20000179   COMPRESSED   0x00000003   PAD
    0x2000017c   COMPRESSED   0x00000004   Data   RW         1933    .data.uxCriticalNesting  port.o
    0x20000180        -       0x00000010   Zero   RW          221    .bss.Queue_F0Buffer  freertos.o
    0x20000190        -       0x00000050   Zero   RW          222    .bss.Queue_F0ControlBlock  freertos.o
    0x200001e0        -       0x00000004   Zero   RW          224    .bss.Queue_F0Handle  freertos.o
    0x200001e4        -       0x00000004   Zero   RW          241    .bss.StartTask_AudioProcessing.P1_count_last  freertos.o
    0x200001e8        -       0x00000004   Zero   RW          240    .bss.StartTask_AudioProcessing.P1_count_present  freertos.o
    0x200001ec        -       0x00000004   Zero   RW          243    .bss.StartTask_AudioProcessing.f0_present  freertos.o
    0x200001f0        -       0x00000010   Zero   RW          242    .bss.StartTask_AudioProcessing.yin  freertos.o
    0x20000200        -       0x00000024   Zero   RW          247    .bss.StartTask_Moter.PID  freertos.o
    0x20000224        -       0x00000010   Zero   RW          246    .bss.StartTask_Moter.pid_input_f0  freertos.o
    0x20000234        -       0x00001000   Zero   RW          175    .bss.aADC1ConvertedData  adc.o
    0x20001234        -       0x00000800   Zero   RW          245    .bss.audio_input_buffer  freertos.o
    0x20001a34        -       0x00000028   Zero   RW          123    .bss.button_1       bsp_ui.o
    0x20001a5c        -       0x00000028   Zero   RW          124    .bss.button_2       bsp_ui.o
    0x20001a84        -       0x00000028   Zero   RW          125    .bss.button_3       bsp_ui.o
    0x20001aac        -       0x00000028   Zero   RW          126    .bss.button_4       bsp_ui.o
    0x20001ad4        -       0x00000028   Zero   RW           92    .bss.calculate_final_frequency  user_app_core.o
    0x20001afc        -       0x00000048   Zero   RW          173    .bss.hadc1          adc.o
    0x20001b44        -       0x00000060   Zero   RW          174    .bss.hdma_adc1      adc.o
    0x20001ba4        -       0x00000004   Zero   RW         1956    .bss.head_handle    multi_button.o
    0x20001ba8        -       0x00000040   Zero   RW          267    .bss.htim11         tim.o
    0x20001be8        -       0x00000040   Zero   RW          266    .bss.htim5          tim.o
    0x20001c28        -       0x00000040   Zero   RW          333    .bss.htim6          stm32f4xx_hal_timebase_tim.o
    0x20001c68        -       0x00000040   Zero   RW          282    .bss.huart2         usart.o
    0x20001ca8        -       0x00000004   Zero   RW          229    .bss.osTask_AudioP1Handle  freertos.o
    0x20001cac        -       0x00000004   Zero   RW          231    .bss.osTask_AudioP2Handle  freertos.o
    0x20001cb0        -       0x00000004   Zero   RW          239    .bss.osTask_CoreHandle  freertos.o
    0x20001cb4        -       0x00000004   Zero   RW          227    .bss.osTask_DebugHandle  freertos.o
    0x20001cb8        -       0x00000004   Zero   RW          237    .bss.osTask_GUIHandle  freertos.o
    0x20001cbc        -       0x00000004   Zero   RW          233    .bss.osTask_MoterHandle  freertos.o
    0x20001cc0        -       0x00000004   Zero   RW          235    .bss.osTask_UIHandle  freertos.o
    0x20001cc4        -       0x00000004   Zero   RW         1724    .bss.pxCurrentTCB   tasks.o
    0x20001cc8        -       0x00000004   Zero   RW         1726    .bss.pxDelayedTaskList  tasks.o
    0x20001ccc        -       0x00000004   Zero   RW         1891    .bss.pxEnd          heap_4.o
    0x20001cd0        -       0x00000004   Zero   RW         1727    .bss.pxOverflowDelayedTaskList  tasks.o
    0x20001cd4        -       0x00000078   Zero   RW         1729    .bss.pxReadyTasksLists  tasks.o
    0x20001d4c        -       0x00000014   Zero   RW           91    .bss.setting_music_status  user_app_core.o
    0x20001d60        -       0x00000018   Zero   RW           90    .bss.setting_tuner_status  user_app_core.o
    0x20001d78        -       0x00004000   Zero   RW         1896    .bss.ucHeap         heap_4.o
    0x20005d78        -       0x00000001   Zero   RW         1931    .bss.ucMaxSysCallPriority  port.o
    0x20005d79   COMPRESSED   0x00000007   PAD
    0x20005d80        -       0x00000008   Zero   RW          218    .bss.ulHighFrequencyTimerTicks  freertos.o
    0x20005d88        -       0x00000004   Zero   RW         1932    .bss.ulMaxPRIGROUPValue  port.o
    0x20005d8c        -       0x00000004   Zero   RW         1740    .bss.ulTaskSwitchedInTime  tasks.o
    0x20005d90        -       0x00000004   Zero   RW          928    .bss.uwTick         stm32f4xx_hal.o
    0x20005d94        -       0x00000004   Zero   RW         1732    .bss.uxCurrentNumberOfTasks  tasks.o
    0x20005d98        -       0x00000004   Zero   RW         1738    .bss.uxPendedTicks  tasks.o
    0x20005d9c        -       0x00000004   Zero   RW         1725    .bss.uxSchedulerSuspended  tasks.o
    0x20005da0        -       0x00000004   Zero   RW         1741    .bss.uxTaskNumber   tasks.o
    0x20005da4        -       0x00000004   Zero   RW         1730    .bss.uxTopReadyPriority  tasks.o
    0x20005da8        -       0x00000001   Zero   RW         1892    .bss.xBlockAllocatedBit  heap_4.o
    0x20005da9   COMPRESSED   0x00000003   PAD
    0x20005dac        -       0x00000014   Zero   RW         1742    .bss.xDelayedTaskList1  tasks.o
    0x20005dc0        -       0x00000014   Zero   RW         1743    .bss.xDelayedTaskList2  tasks.o
    0x20005dd4        -       0x00000004   Zero   RW         1893    .bss.xFreeBytesRemaining  heap_4.o
    0x20005dd8        -       0x00000200   Zero   RW          220    .bss.xIdleStack     freertos.o
    0x20005fd8        -       0x00000004   Zero   RW         1734    .bss.xIdleTaskHandle  tasks.o
    0x20005fdc        -       0x00000060   Zero   RW          219    .bss.xIdleTaskTCBBuffer  freertos.o
    0x2000603c        -       0x00000004   Zero   RW         1895    .bss.xMinimumEverFreeBytesRemaining  heap_4.o
    0x20006040        -       0x00000004   Zero   RW         1735    .bss.xNextTaskUnblockTime  tasks.o
    0x20006044        -       0x00000004   Zero   RW         1739    .bss.xNumOfOverflows  tasks.o
    0x20006048        -       0x00000014   Zero   RW         1733    .bss.xPendingReadyList  tasks.o
    0x2000605c        -       0x00000004   Zero   RW         1731    .bss.xSchedulerRunning  tasks.o
    0x20006060        -       0x00000008   Zero   RW         1894    .bss.xStart         heap_4.o
    0x20006068        -       0x00000014   Zero   RW         1728    .bss.xSuspendedTaskList  tasks.o
    0x2000607c        -       0x00000004   Zero   RW         1736    .bss.xTickCount     tasks.o
    0x20006080        -       0x00000004   Zero   RW         1737    .bss.xYieldPending  tasks.o
    0x20006084   COMPRESSED   0x00000004   PAD
    0x20006088        -       0x00000500   Zero   RW            1    STACK               startup_stm32f410rx.o


==============================================================================

Image component sizes


      Code (inc. data)   RO Data    RW Data    ZI Data      Debug   Object Name

       518          0          0          0       4264       6035   adc.o
       488        120          0          0        160       3440   bsp_ui.o
       198          0          0          0          0      19777   cmsis_os.o
        58          0          0          0          0       6578   controllerfunctions.o
        72          0          0          0          0       2100   debug_printf.o
        54          0          0          0          0       2621   dma.o
      1522        272        395          8       2872       7781   freertos.o
       388          0          0          0          0       2175   gpio.o
       662          0          0          0      16405       3685   heap_4.o
       154          0          0          0          0       2156   list.o
       378         64          0          0          0       5328   main.o
       574          6          0          0          4       3235   multi_button.o
       876         16          0          4          5       3965   port.o
      1514          0          0          0          0      19366   queue.o
        36          8        456          0       1280        796   startup_stm32f410rx.o
        92          0          0          1          4       6683   stm32f4xx_hal.o
      1996          0         56          0          0      10596   stm32f4xx_hal_adc.o
       288          0         59          0          0       9916   stm32f4xx_hal_cortex.o
      1576         12         56          0          0       9235   stm32f4xx_hal_dma.o
       846          0         57          0          0       5651   stm32f4xx_hal_gpio.o
        70          0          0          0          0       2684   stm32f4xx_hal_msp.o
       782          0         56          0          0       7388   stm32f4xx_hal_rcc.o
      1114          0         59          0          0       6134   stm32f4xx_hal_rcc_ex.o
      3718         20         56          0          0      39730   stm32f4xx_hal_tim.o
       204          0         59          0          0      15069   stm32f4xx_hal_tim_ex.o
       142          0          0          0         64       6030   stm32f4xx_hal_timebase_tim.o
      1332          0         57          0          0      17528   stm32f4xx_hal_uart.o
       218         80          0          0          0       1166   stm32f4xx_it.o
        86          0         24          4          0       2559   system_stm32f4xx.o
      4200         80          0          0        260      29070   tasks.o
       364          0          0          0        128       6432   tim.o
       186          0          0          0         64       5916   usart.o
       412          8          0          0         84       2489   user_app_core.o
       196          0          0          0          0       3666   user_audio_processing.o
         0          0        795        356          0       1595   user_database.o
       730          8          0          0          0       3609   yin.o

    ----------------------------------------------------------------------
     26292        710       2220        376      25608     282184   Object Totals
         0          0         32          0          0          0   (incl. Generated)
       248         16          3          3         14          0   (incl. Padding)

    ----------------------------------------------------------------------

      Code (inc. data)   RO Data    RW Data    ZI Data      Debug   Library Member Name

       164         44          0          0          0        620   dunder.o
        24          0          0          0          0        124   fabs.o
        48          0          0          0          0        124   fpclassify.o
       248          0          0          0          0        152   poly.o
      3152        296        136          0          0        352   pow.o
         0          0          8          0          0          0   qnan.o
       110          0          0          0          0        148   sqrt.o
        86          0          0          0          0          0   __dczerorl2.o
         0          0          0          0          0          0   entry.o
         0          0          0          0          0          0   entry10a.o
         0          0          0          0          0          0   entry11a.o
         8          4          0          0          0          0   entry2.o
         4          0          0          0          0          0   entry5.o
         0          0          0          0          0          0   entry7b.o
         0          0          0          0          0          0   entry8b.o
         8          4          0          0          0          0   entry9a.o
        12          6          0          4          0         68   errno.o
        30          0          0          0          0          0   handlers.o
        36          8          0          0          0         68   init.o
         0          0          0          0          0          0   iusefp.o
        30          0          0          0          0         68   llshl.o
        36          0          0          0          0         68   llsshr.o
        32          0          0          0          0         68   llushr.o
        36          0          0          0          0         68   memcpya.o
        36          0          0          0          0        108   memseta.o
      2308         96          0          0          0        604   printfa.o
        36          6          0          0          0         80   puts.o
         0          0          0          4          0          0   stdout.o
        18          0          0          0          0         68   strcpy.o
        14          0          0          0          0         68   strlen.o
        44          0          0          0          0         80   uidiv.o
        98          0          0          0          0         92   uldiv.o
        48          0          0          0          0         68   cdrcmple.o
        56          0          0          0          0         88   d2f.o
       334          0          0          0          0        148   dadd.o
       222          0          0          0          0        100   ddiv.o
       186          0          0          0          0        176   depilogue.o
        48          0          0          0          0         68   dfixul.o
        34          0          0          0          0         76   dflti.o
       228          0          0          0          0         96   dmul.o
        46          0          0          0          0         80   dscalb.o
       162          0          0          0          0        100   dsqrt.o
        38          0          0          0          0         68   f2d.o
       110          0          0          0          0        168   fepilogue.o

    ----------------------------------------------------------------------
      8148        464        144          8          0       4264   Library Totals
        18          0          0          0          0          0   (incl. Padding)

    ----------------------------------------------------------------------

      Code (inc. data)   RO Data    RW Data    ZI Data      Debug   Library Name

      3746        340        144          0          0       1520   m_wm.l
      2872        124          0          8          0       1508   mc_w.l
      1512          0          0          0          0       1236   mf_w.l

    ----------------------------------------------------------------------
      8148        464        144          8          0       4264   Library Totals

    ----------------------------------------------------------------------

==============================================================================


      Code (inc. data)   RO Data    RW Data    ZI Data      Debug   

     34440       1174       2364        384      25608     283848   Grand Totals
     34440       1174       2364        288      25608     283848   ELF Image Totals (compressed)
     34440       1174       2364        288          0          0   ROM Totals

==============================================================================

    Total RO  Size (Code + RO Data)                36804 (  35.94kB)
    Total RW  Size (RW Data + ZI Data)             25992 (  25.38kB)
    Total ROM Size (Code + RO Data + RW Data)      37092 (  36.22kB)

==============================================================================

